Microchip Technology Inc, v2.00 (B)

Tool Name:
  c:\program files\microchip\xc16\v2.00\bin\bin\..\bin/elf-ld.exe

Command:
  -p33FJ128MC804 \
  --mdfp=C:/Program Files/Microchip/MPLABX/v6.00/packs/Microchip/dsPIC33F-GP-MC_DFP/1.3.64/xc16 \
  -o \
  dist/default/production/Proy_dsPIC33FJxxx_0x8c00_Ux_BRIDGE_ISC_V0_5.X.production.elf \
  -Lc:/program files/microchip/xc16/v2.00/bin/bin/.. \
  -LC:/Program Files/Microchip/MPLABX/v6.00/packs/Microchip/dsPIC33F-GP-MC_DFP/1.3.64/xc16/bin/../support/PIC24H/gld \
  -LC:/Program Files/Microchip/MPLABX/v6.00/packs/Microchip/dsPIC33F-GP-MC_DFP/1.3.64/xc16/bin/../support/dsPIC33F/gld \
  -Lc:/program files/microchip/xc16/v2.00/bin/bin/../../lib \
  -Lc:/program files/microchip/xc16/v2.00/bin/bin/../../support/PIC24E/gld \
  -Lc:/program files/microchip/xc16/v2.00/bin/bin/../../support/PIC24F/gld \
  -Lc:/program files/microchip/xc16/v2.00/bin/bin/../../support/PIC24H/gld \
  -Lc:/program files/microchip/xc16/v2.00/bin/bin/../../support/dsPIC30F/gld \
  -Lc:/program files/microchip/xc16/v2.00/bin/bin/../../support/dsPIC33C/gld \
  -Lc:/program files/microchip/xc16/v2.00/bin/bin/../../support/dsPIC33E/gld \
  -Lc:/program files/microchip/xc16/v2.00/bin/bin/../../support/dsPIC33F/gld \
  build/default/production/BRIDGE/SRC/Thread_BRIDGE.o \
  build/default/production/FreeRTOS/Source/croutine.o \
  build/default/production/FreeRTOS/Source/event_groups.o \
  build/default/production/FreeRTOS/Source/list.o \
  build/default/production/FreeRTOS/Source/queue.o \
  build/default/production/FreeRTOS/Source/tasks.o \
  build/default/production/FreeRTOS/Source/timers.o \
  build/default/production/FreeRTOS/Source/portable/MPLAB/PIC24_dsPIC/port.o \
  build/default/production/FreeRTOS/Source/portable/MPLAB/PIC24_dsPIC/portasm_dsPIC.o \
  build/default/production/FreeRTOS/Source/portable/MemMang/heap_3.o \
  build/default/production/SCoCAN/SRC/Thread_ecan.o \
  build/default/production/SCoCAN/SRC/CAN_DSPIC_33F_Configuration.o \
  build/default/production/SCoCAN/SRC/CAN_DSPIC_33F_Stack.o \
  build/default/production/SCoCAN/SRC/CAN_DSPIC_33F_Stack_Overflow.o \
  build/default/production/util/util.o \
  build/default/production/UX/Thread_UX_ISC.o \
  build/default/production/serial/serial.o \
  build/default/production/main.o \
  --defsym=__MPLAB_BUILD=1 \
  -Tp33FJ128MC804_0x8c00_with_FreeRTOS.00 \
  --heap=4096 \
  --stack=16 \
  --check-sections \
  --data-init \
  --pack-data \
  --handles \
  --isr \
  --no-gc-sections \
  --fill-upper=0 \
  --stackguard=16 \
  --no-force-link \
  --smart-io \
  -Map=dist/default/production/Proy_dsPIC33FJxxx_0x8c00_Ux_BRIDGE_ISC_V0_5.X.production.map \
  --report-mem \
  --memorysummary \
  dist/default/production/memoryfile.xml \
  -start-group \
  --library=c99-pic30-elf \
  --library=m-elf \
  --library=c99-elf \
  -end-group \


Optional library libp33FJ64MC804.a not found
Archive member included because of file (symbol)

c:/program files/microchip/xc16/v2.00/bin/bin/../../lib\libc99-pic30-elf.a(crt0_standard.o)
                              (__resetPRI)
c:/program files/microchip/xc16/v2.00/bin/bin/../../lib\libc99-pic30-elf.a(data_init_standard.o)
                              c:/program files/microchip/xc16/v2.00/bin/bin/../../lib\libc99-pic30-elf.a(crt0_standard.o) (__data_init_standard)
c:/program files/microchip/xc16/v2.00/bin/bin/../../lib\libc99-pic30-elf.a(crt_start_mode_normal.Meo)
                              (__crt_start_mode_normal)
c:/program files/microchip/xc16/v2.00/bin/bin/../../lib\libc99-pic30-elf.a(fixunssfsi.XX_o)
                              build/default/production/serial/serial.o (___fixunssfsi)
c:/program files/microchip/xc16/v2.00/bin/bin/../../lib\libc99-pic30-elf.a(floatunsisf.XX_o)
                              build/default/production/serial/serial.o (___floatunsisf)
c:/program files/microchip/xc16/v2.00/bin/bin/../../lib\libc99-pic30-elf.a(funpack.XX_o)
                              c:/program files/microchip/xc16/v2.00/bin/bin/../../lib\libc99-pic30-elf.a(fixunssfsi.XX_o) (__funpack)
c:/program files/microchip/xc16/v2.00/bin/bin/../../lib\libc99-pic30-elf.a(udivsi3.XX_o)
                              build/default/production/UX/Thread_UX_ISC.o (___udivsi3)
c:/program files/microchip/xc16/v2.00/bin/bin/../../lib\libc99-pic30-elf.a(umodsi3.XX_o)
                              build/default/production/main.o (___umodsi3)
c:/program files/microchip/xc16/v2.00/bin/bin/../../lib\libc99-pic30-elf.a(addsf3x.XX_o)
                              build/default/production/serial/serial.o (___subsf3)
c:/program files/microchip/xc16/v2.00/bin/bin/../../lib\libc99-pic30-elf.a(divsf3x.XX_o)
                              build/default/production/serial/serial.o (___divsf3)
c:/program files/microchip/xc16/v2.00/bin/bin/../../lib\libc99-pic30-elf.a(mulsf3x.XX_o)
[...]
Memory Configuration

Name             Origin             Length             Attributes
data             0x000800           0x004000           a !xr
reset            0x008c00           0x000004  
ivt              0x000004           0x0000fc  
aivt             0x000104           0x0000fc  
program          0x008e00           0x012f00           xr
FBS              0xf80000           0x000002  
FSS              0xf80002           0x000002  
FGS              0xf80004           0x000002  
FOSCSEL          0xf80006           0x000002  
FOSC             0xf80008           0x000002  
FWDT             0xf8000a           0x000002  
FPOR             0xf8000c           0x000002  
FICD             0xf8000e           0x000002  
FUID0            0xf80010           0x000002  
FUID1            0xf80012           0x000002  
FUID2            0xf80014           0x000002  
FUID3            0xf80016           0x000002  
*default*        0x000000           0xffffffff  

Linker script and memory map

LOAD build/default/production/BRIDGE/SRC/Thread_BRIDGE.o
LOAD build/default/production/FreeRTOS/Source/croutine.o
LOAD build/default/production/FreeRTOS/Source/event_groups.o
LOAD build/default/production/FreeRTOS/Source/list.o
LOAD build/default/production/FreeRTOS/Source/queue.o
LOAD build/default/production/FreeRTOS/Source/tasks.o
LOAD build/default/production/FreeRTOS/Source/timers.o
LOAD build/default/production/FreeRTOS/Source/portable/MPLAB/PIC24_dsPIC/port.o
LOAD build/default/production/FreeRTOS/Source/portable/MPLAB/PIC24_dsPIC/portasm_dsPIC.o
LOAD build/default/production/FreeRTOS/Source/portable/MemMang/heap_3.o
LOAD build/default/production/SCoCAN/SRC/Thread_ecan.o
LOAD build/default/production/SCoCAN/SRC/CAN_DSPIC_33F_Configuration.o
LOAD build/default/production/SCoCAN/SRC/CAN_DSPIC_33F_Stack.o
LOAD build/default/production/SCoCAN/SRC/CAN_DSPIC_33F_Stack_Overflow.o
LOAD build/default/production/util/util.o
LOAD build/default/production/UX/Thread_UX_ISC.o
LOAD build/default/production/serial/serial.o
LOAD build/default/production/main.o
                    0x0001                  __MPLAB_BUILD = 0x1
LOAD p33FJ64MC804
                    0xf80000                  __FBS = 0xf80000
                    0xf80002                  __FSS = 0xf80002
                    0xf80004                  __FGS = 0xf80004
                    0xf80006                  __FOSCSEL = 0xf80006
                    0xf80008                  __FOSC = 0xf80008
                    0xf8000a                  __FWDT = 0xf8000a
                    0xf8000c                  __FPOR = 0xf8000c
                    0xf8000e                  __FICD = 0xf8000e
                    0xf80010                  __FUID0 = 0xf80010
                    0xf80012                  __FUID1 = 0xf80012
                    0xf80014                  __FUID2 = 0xf80014
                    0xf80016                  __FUID3 = 0xf80016
                    0x0004                  __IVT_BASE = 0x4
                    0x0104                  __AIVT_BASE = 0x104
                    0x0800                  __DATA_BASE = 0x800
                    0x2800                  __YDATA_BASE = 0x2800
                    0x4000                  __DMA_BASE = 0x4000
                    0x47ff                  __DMA_END = 0x47ff
                    0x8c00                  __CODE_BASE = 0x8c00

.reset            0x008c00          0x4
                  0x008c00          0x2 SHORT 0x8e00 ABSOLUTE (__reset)
                  0x008c01          0x2 SHORT 0x4
                  0x008c02          0x2 SHORT 0x0 ((ABSOLUTE (__reset) >> 0x10) & 0x7f)
                  0x008c03          0x2 SHORT 0x0

.text             0x008e00       0x1a44
 *(.init)
 .init            0x008e00         0x4c c:/program files/microchip/xc16/v2.00/bin/bin/../../lib\libc99-pic30-elf.a(crt0_standard.o)
                  0x008e00                  __resetPRI
                  0x008e00                  __reset
                  0x008e3c                  __psv_init
 .init            0x008e4c         0x7c c:/program files/microchip/xc16/v2.00/bin/bin/../../lib\libc99-pic30-elf.a(data_init_standard.o)
                  0x008e52                  __data_init_standard
                  0x008e52                  __data_init
 *(.user_init)
 *(.handle)
 .handle          0x008ec8         0x2c jump_table
 *(.libc)
 .libc            0x008ef4         0x1e c:/program files/microchip/xc16/v2.00/bin/bin/../../lib\libc99-pic30-elf.a(lseek.Meo)
                  0x008ef4                  _lseek
 .libc            0x008f12         0x18 c:/program files/microchip/xc16/v2.00/bin/bin/../../lib\libc99-pic30-elf.a(close.Meo)
                  0x008f12                  _close
 .libc            0x008f2a         0x8a c:/program files/microchip/xc16/v2.00/bin/bin/../../lib\libc99-pic30-elf.a(write.Meo)
                  0x008f2a                  _write
 .libc            0x008fb4         0x2a c:/program files/microchip/xc16/v2.00/bin/bin/../../lib\libc99-pic30-elf.a(sbrk.Meo)
                  0x008fb4                  _sbrk
 .libc            0x008fde         0x1a c:/program files/microchip/xc16/v2.00/bin/bin/../../lib\libc99-pic30-elf.a(brk.Meo)
                  0x008fde                  _brk
 *(.libm)
 *(.libdsp)
 *(.lib*)
 .libpic30_crt_start_mode
                  0x008ff8          0x2 c:/program files/microchip/xc16/v2.00/bin/bin/../../lib\libc99-pic30-elf.a(crt_start_mode_normal.Meo)
                  0x008ff8                  __crt_start_mode
                  0x008ff8                  __crt_start_mode_normal
 .libm.fixunssfsi
                  0x008ffa         0x36 c:/program files/microchip/xc16/v2.00/bin/bin/../../lib\libc99-pic30-elf.a(fixunssfsi.XX_o)
                  0x008ffa                  ___fixunssfsi
 .libm.floatunsisf
                  0x009030          0x4 c:/program files/microchip/xc16/v2.00/bin/bin/../../lib\libc99-pic30-elf.a(floatunsisf.XX_o)
                  0x009030                  ___floatunsisf
 .libm.funpack    0x009034         0x2a c:/program files/microchip/xc16/v2.00/bin/bin/../../lib\libc99-pic30-elf.a(funpack.XX_o)
                  0x009034                  __funpack
 .libm.udivsi3    0x00905e         0x20 c:/program files/microchip/xc16/v2.00/bin/bin/../../lib\libc99-pic30-elf.a(udivsi3.XX_o)
                  0x00905e                  ___udivsi3
 .libm.umodsi3    0x00907e          0x6 c:/program files/microchip/xc16/v2.00/bin/bin/../../lib\libc99-pic30-elf.a(umodsi3.XX_o)
                  0x00907e                  ___umodsi3
 .libmx           0x009084        0x1dc c:/program files/microchip/xc16/v2.00/bin/bin/../../lib\libc99-pic30-elf.a(addsf3x.XX_o)
                  0x009084                  ___subsf3x
                  0x009084                  ___subsf3
                  0x009096                  ___addsf3x
                  0x009096                  ___addsf3
 .libmx           0x009260        0x1be c:/program files/microchip/xc16/v2.00/bin/bin/../../lib\libc99-pic30-elf.a(divsf3x.XX_o)
                  0x009260                  ___divsf3x
                  0x009260                  ___divsf3
                  0x0093f2                  __sdivf
 .libmx           0x00941e        0x10c c:/program files/microchip/xc16/v2.00/bin/bin/../../lib\libc99-pic30-elf.a(mulsf3x.XX_o)
                  0x00941e                  ___mulsf3x
                  0x00941e                  ___mulsf3
 .libmx           0x00952a         0x54 c:/program files/microchip/xc16/v2.00/bin/bin/../../lib\libc99-pic30-elf.a(dnrmpackfx.XX_o)
                  0x00952a                  __dnrmpackf
 .libmx           0x00957e         0x5e c:/program files/microchip/xc16/v2.00/bin/bin/../../lib\libc99-pic30-elf.a(unpackdnrmfx.XX_o)
                  0x00957e                  __unpackdnrmf
 .libmx           0x0095dc         0x34 c:/program files/microchip/xc16/v2.00/bin/bin/../../lib\libc99-pic30-elf.a(typefx.XX_o)
                  0x0095dc                  __typef
 .libmx           0x009610         0x12 c:/program files/microchip/xc16/v2.00/bin/bin/../../lib\libc99-pic30-elf.a(propnanfx.XX_o)
                  0x009610                  __propnanf
 .libmx           0x009622         0xa6 c:/program files/microchip/xc16/v2.00/bin/bin/../../lib\libc99-pic30-elf.a(spackfx.XX_o)
                  0x009622                  __spackf
 .libmx           0x0096c8         0x66 c:/program files/microchip/xc16/v2.00/bin/bin/../../lib\libc99-pic30-elf.a(unpackfx.XX_o)
                  0x0096c8                  __unpackf
 .libm.floatundisf
                  0x00972e         0x5e c:/program files/microchip/xc16/v2.00/bin/bin/../../lib\libc99-pic30-elf.a(floatundisf.XX_o)
                  0x00972e                  ___floatundisf
 .libm.fpack      0x00978c         0x4c c:/program files/microchip/xc16/v2.00/bin/bin/../../lib\libc99-pic30-elf.a(fpack.XX_o)
                  0x00978c                  __fpack
 .libm.__PplusBdi
                  0x0097d8         0x26 c:/program files/microchip/xc16/v2.00/bin/bin/../../lib\libc99-pic30-elf.a(divmoddi3.XX_o)
 .libm.__PminusBdi
                  0x0097fe         0x26 c:/program files/microchip/xc16/v2.00/bin/bin/../../lib\libc99-pic30-elf.a(divmoddi3.XX_o)
 .libm.__udivmoddi3
                  0x009824         0xf8 c:/program files/microchip/xc16/v2.00/bin/bin/../../lib\libc99-pic30-elf.a(divmoddi3.XX_o)
                  0x009824                  ___udivmoddi3
 .libm.__udivdi3
                  0x00991c          0xe c:/program files/microchip/xc16/v2.00/bin/bin/../../lib\libc99-pic30-elf.a(divmoddi3.XX_o)
                  0x00991c                  ___udivdi3
 .libm.__umoddi3
                  0x00992a          0x8 c:/program files/microchip/xc16/v2.00/bin/bin/../../lib\libc99-pic30-elf.a(divmoddi3.XX_o)
                  0x00992a                  ___umoddi3
 .libm.__divdi3
                  0x009932         0x60 c:/program files/microchip/xc16/v2.00/bin/bin/../../lib\libc99-pic30-elf.a(divmoddi3.XX_o)
                  0x009932                  ___divdi3
 .libm.__moddi3
                  0x009992         0x5c c:/program files/microchip/xc16/v2.00/bin/bin/../../lib\libc99-pic30-elf.a(divmoddi3.XX_o)
                  0x009992                  ___moddi3
 .libm.__muldi3
                  0x0099ee         0x52 c:/program files/microchip/xc16/v2.00/bin/bin/../../lib\libc99-pic30-elf.a(muldi3.XX_o)
                  0x0099ee                  ___muldi3
 .libm.umuldi3    0x009a40         0x44 c:/program files/microchip/xc16/v2.00/bin/bin/../../lib\libc99-pic30-elf.a(umuldi3.XX_o)
                  0x009a40                  ___umuldi3
 .libc.__simple_search_fl
                  0x009a84         0x70 c:/program files/microchip/xc16/v2.00/bin/bin/../../lib\libc99-elf.a(lite_free.XX_o)
                  0x009a84                  ___simple_search_fl
 .libc.__simple_free
                  0x009af4         0x36 c:/program files/microchip/xc16/v2.00/bin/bin/../../lib\libc99-elf.a(lite_free.XX_o)
                  0x009af4                  ::_(float, long double,...)(...)(void)
                  0x009af4                  ___simple_free
                  0x009af4                  _free
 .libc.__simple_malloc
                  0x009b2a         0x76 c:/program files/microchip/xc16/v2.00/bin/bin/../../lib\libc99-elf.a(lite_malloc.XX_o)
                  0x009b2a                  ___malloc0
                  0x009b2a                  _malloc
                  0x009b2a                  ___simple_malloc
 .libc.memcpy     0x009ba0          0xe c:/program files/microchip/xc16/v2.00/bin/bin/../../lib\libc99-elf.a(memcpy.XX_o)
                  0x009ba0                  _memcpy
 .libc.puts       0x009bae         0x1a c:/program files/microchip/xc16/v2.00/bin/bin/../../lib\libc99-elf.a(puts.XX_o)
                  0x009bae                  _puts
 .libc.__dummy0
                  0x009bc8          0x2 c:/program files/microchip/xc16/v2.00/bin/bin/../../lib\libc99-elf.a(stdout.XX_o)
                  0x009bc8                  ___stdio_seek
 .libc.__dummy    0x009bca          0x4 c:/program files/microchip/xc16/v2.00/bin/bin/../../lib\libc99-elf.a(stdout.XX_o)
                  0x009bca                  ___get_stdout
 .libc.__init_stdout
                  0x009bce          0x8 c:/program files/microchip/xc16/v2.00/bin/bin/../../lib\libc99-elf.a(stdout.XX_o)
                  0x009bce                  ___init_stdout
 .libc.__string_out
                  0x009bd6         0x28 c:/program files/microchip/xc16/v2.00/bin/bin/../../lib\libc99-elf.a(__out.XX_o)
 .libc.__fwrite_min
                  0x009bfe          0x4 c:/program files/microchip/xc16/v2.00/bin/bin/../../lib\libc99-elf.a(__out.XX_o)
                  0x009bfe                  ___fwrite
                  0x009bfe                  ___stdio_write
                  0x009bfe                  ___stdio_write_unbuffered
 .libc.__out      0x009c02         0x10 c:/program files/microchip/xc16/v2.00/bin/bin/../../lib\libc99-elf.a(__out.XX_o)
                  0x009c02                  ___out_needed
                  0x009c02                  ___out
 .libc.__stdio_close
                  0x009c12         0x48 c:/program files/microchip/xc16/v2.00/bin/bin/../../lib\libc99-elf.a(__stdio_close.XX_o)
                  0x009c12                  ___stdio_close
 .libc.__stdio_close_rw
                  0x009c5a         0x64 c:/program files/microchip/xc16/v2.00/bin/bin/../../lib\libc99-elf.a(__stdio_close.XX_o)
                  0x009c5a                  ___stdio_close_rw
 .libc.__expand_heap
                  0x009cbe         0x14 c:/program files/microchip/xc16/v2.00/bin/bin/../../lib\libc99-elf.a(expand_heap.XX_o)
                  0x009cbe                  ___expand_heap
 .libc.fputs      0x009cd2         0x28 c:/program files/microchip/xc16/v2.00/bin/bin/../../lib\libc99-elf.a(fputs.XX_o)
                  0x009cd2                  _fputs_unlocked
                  0x009cd2                  _fputs
 .libc.__fwrite_min
                  0x009cfa          0x4 c:/program files/microchip/xc16/v2.00/bin/bin/../../lib\libc99-elf.a(fwrite.XX_o)
 .libc.fwrite     0x009cfe         0x2c c:/program files/microchip/xc16/v2.00/bin/bin/../../lib\libc99-elf.a(fwrite.XX_o)
                  0x009cfe                  _fwrite
                  0x009cfe                  _fwrite_unlocked
 .libc.__putc_unbuffered
                  0x009d2a         0x30 c:/program files/microchip/xc16/v2.00/bin/bin/../../lib\libc99-elf.a(putc.XX_o)
                  0x009d2a                  ___putc
                  0x009d2a                  ___putc_unbuffered
 .libc.putc       0x009d5a          0x2 c:/program files/microchip/xc16/v2.00/bin/bin/../../lib\libc99-elf.a(putc.XX_o)
                  0x009d5a                  _putc
                  0x009d5a                  _fputc
                  0x009d5a                  _putc_unlocked
                  0x009d5a                  __IO_putc
 .libc.strlen     0x009d5c         0x30 c:/program files/microchip/xc16/v2.00/bin/bin/../../lib\libc99-elf.a(strlen.XX_o)
                  0x009d5c                  _strlen
 .libc.__wrap_printf
                  0x009d8c         0x10 c:/program files/microchip/xc16/v2.00/bin/bin/../../lib\libc99-elf.a(__sio_printf_doux.XX_o)
                  0x009d8c                  __printf_cdnopuxX
                  0x009d8c                  __dprintf_cdnopuxX
 .libc.__sio_printf_doux
                  0x009d9c          0xa c:/program files/microchip/xc16/v2.00/bin/bin/../../lib\libc99-elf.a(__sio_printf_doux.XX_o)
                  0x009d9c                  ___sio_printf_doux
 .libc.__fmt_d    0x009da6         0xb2 c:/program files/microchip/xc16/v2.00/bin/bin/../../lib\libc99-elf.a(__fmt_d.XX_o)
                  0x009da6                  ___fmt_d
                  0x009da6                  ___fmt_d_needed
 .libc.__fmt_o    0x009e58         0x6a c:/program files/microchip/xc16/v2.00/bin/bin/../../lib\libc99-elf.a(__fmt_o.XX_o)
                  0x009e58                  ___fmt_o
                  0x009e58                  ___fmt_o_needed
 .libc.__fmt_s    0x009ec2         0x54 c:/program files/microchip/xc16/v2.00/bin/bin/../../lib\libc99-elf.a(__fmt_s.XX_o)
                  0x009ec2                  ___fmt_0_needed
                  0x009ec2                  ___fmt_s_needed
                  0x009ec2                  ___fmt_s
 .libc.__cvt_u    0x009f16         0xa4 c:/program files/microchip/xc16/v2.00/bin/bin/../../lib\libc99-elf.a(__fmt_u.XX_o)
                  0x009f16                  ___cvt_u
 .libc.__fmt_u    0x009fba         0x52 c:/program files/microchip/xc16/v2.00/bin/bin/../../lib\libc99-elf.a(__fmt_u.XX_o)
                  0x009fba                  ___fmt_u
                  0x009fba                  ___fmt_u_needed
 .libc.__fmt_x    0x00a00c        0x14a c:/program files/microchip/xc16/v2.00/bin/bin/../../lib\libc99-elf.a(__fmt_x.XX_o)
                  0x00a00c                  ___fmt_x_needed
                  0x00a00c                  ___fmt_x
 .libc.__vfprintf
                  0x00a156         0x1c c:/program files/microchip/xc16/v2.00/bin/bin/../../lib\libc99-elf.a(__int_vfprintf.XX_o)
                  0x00a156                  ___vfprintf
 .libc.__string_out
                  0x00a172         0x28 c:/program files/microchip/xc16/v2.00/bin/bin/../../lib\libc99-elf.a(__printf_core.XX_o)
 .libc.__pad      0x00a19a         0x74 c:/program files/microchip/xc16/v2.00/bin/bin/../../lib\libc99-elf.a(__printf_core.XX_o)
                  0x00a19a                  ___pad
 .libc.__dummy_fmt3
                  0x00a20e          0x2 c:/program files/microchip/xc16/v2.00/bin/bin/../../lib\libc99-elf.a(__printf_core.XX_o)
 .libc.__dummy_fmt4
                  0x00a210          0x2 c:/program files/microchip/xc16/v2.00/bin/bin/../../lib\libc99-elf.a(__printf_core.XX_o)
                  0x00a210                  ___fmt_fp
                  0x00a210                  ___fmt_a
 .libc.__dummy_fmts
                  0x00a212          0x2 c:/program files/microchip/xc16/v2.00/bin/bin/../../lib\libc99-elf.a(__printf_core.XX_o)
 .libc.__fmt_state
                  0x00a214         0x2c c:/program files/microchip/xc16/v2.00/bin/bin/../../lib\libc99-elf.a(__printf_core.XX_o)
                  0x00a214                  ___fmt_state
 .libc.vfpfcnvrt.clone.0
                  0x00a240        0x2c0 c:/program files/microchip/xc16/v2.00/bin/bin/../../lib\libc99-elf.a(__printf_core.XX_o)
 .libc.__printf_core
                  0x00a500         0x40 c:/program files/microchip/xc16/v2.00/bin/bin/../../lib\libc99-elf.a(__printf_core.XX_o)
                  0x00a500                  ___printf_core
 .libc.memset     0x00a540         0xc6 c:/program files/microchip/xc16/v2.00/bin/bin/../../lib\libc99-elf.a(memset.XX_o)
                  0x00a540                  _memset
 .libc.__isspace
                  0x00a606         0x14 c:/program files/microchip/xc16/v2.00/bin/bin/../../lib\libc99-elf.a(atoi.XX_o)
 .libc.atoi       0x00a61a         0x4c c:/program files/microchip/xc16/v2.00/bin/bin/../../lib\libc99-elf.a(atoi.XX_o)
                  0x00a61a                  _atoi
 .libc.tolower    0x00a666          0xc c:/program files/microchip/xc16/v2.00/bin/bin/../../lib\libc99-elf.a(tolower.XX_o)
                  0x00a666                  _tolower
 .libc.__tolower_l
                  0x00a672          0x2 c:/program files/microchip/xc16/v2.00/bin/bin/../../lib\libc99-elf.a(tolower.XX_o)
                  0x00a672                  ___tolower_l
                  0x00a672                  _tolower_l
 .libc.toupper    0x00a674          0xc c:/program files/microchip/xc16/v2.00/bin/bin/../../lib\libc99-elf.a(toupper.XX_o)
                  0x00a674                  _toupper
 .libc.__toupper_l
                  0x00a680          0x2 c:/program files/microchip/xc16/v2.00/bin/bin/../../lib\libc99-elf.a(toupper.XX_o)
                  0x00a680                  ___toupper_l
                  0x00a680                  _toupper_l
 .libc.__pop_float
                  0x00a682         0x3e c:/program files/microchip/xc16/v2.00/bin/bin/../../lib\libc99-elf.a(__pop_float.XX_lo)
                  0x00a682                  ___pop_float
                  0x00a682                  ___pop_float_needed
 .libc.__pop_int
                  0x00a6c0         0xb2 c:/program files/microchip/xc16/v2.00/bin/bin/../../lib\libc99-elf.a(__pop_int.XX_lo)
                  0x00a6c0                  ___pop_int
                  0x00a6c0                  ___pop_int_needed
 .libc.__pop_ptr
                  0x00a772         0x74 c:/program files/microchip/xc16/v2.00/bin/bin/../../lib\libc99-elf.a(__pop_ptr.XX_lo)
                  0x00a772                  ___pop_ptr_needed
                  0x00a772                  ___pop_ptr
 .libc.__dummy    0x00a7e6          0x2 c:/program files/microchip/xc16/v2.00/bin/bin/../../lib\libc99-elf.a(__init_stdio.XX_o)
                  0x00a7e6                  ___init_stderr
                  0x00a7e6                  ___init_stdin
 .libc.__init_stdio
                  0x00a7e8          0x6 c:/program files/microchip/xc16/v2.00/bin/bin/../../lib\libc99-elf.a(__init_stdio.XX_o)
                  0x00a7e8                  ___init_stdio
                  0x00a7e8                  ___init_stdio_needed
 .libm.extendsfdf2
                  0x00a7ee         0x3e c:/program files/microchip/xc16/v2.00/bin/bin/../../lib\libc99-pic30-elf.a(extendsfdf.XX_o)
                  0x00a7ee                  ___extendsfdf2
 .libm.mulsi3     0x00a82c          0xc c:/program files/microchip/xc16/v2.00/bin/bin/../../lib\libc99-pic30-elf.a(mulsi3.XX_o)
                  0x00a82c                  ___mulp32peds3
                  0x00a82c                  ___mulsi3
                  0x00a82c                  ___mulp32eds3
 .libc.dolseek    0x00a838          0x4 c:/program files/microchip/xc16/v2.00/bin/bin/../../lib\libc99-pic30-elf.a(lseek.Meo)
 .libc.doclose    0x00a83c          0x4 c:/program files/microchip/xc16/v2.00/bin/bin/../../lib\libc99-pic30-elf.a(close.Meo)
 .libc.dowrite    0x00a840          0x4 c:/program files/microchip/xc16/v2.00/bin/bin/../../lib\libc99-pic30-elf.a(write.Meo)

usercode
 *(usercode)

__FBS
 *(__FBS.sec)

__FSS
 *(__FSS.sec)

__FGS             0xf80004          0x2
 *(__FGS.sec)
 __FGS.sec        0xf80004          0x2 /CW/_FGS‡Ô6
                  0xf80004                  __FGS.sec

__FOSCSEL         0xf80006          0x2
 *(__FOSCSEL.sec)
 __FOSCSEL.sec    0xf80006          0x2 build/default/production/main.o

__FOSC            0xf80008          0x2
 *(__FOSC.sec)
 __FOSC.sec       0xf80008          0x2 build/default/production/main.o

__FWDT            0xf8000a          0x2
 *(__FWDT.sec)
 __FWDT.sec       0xf8000a          0x2 build/default/production/main.o

__FPOR
 *(__FPOR.sec)

__FICD            0xf8000e          0x2
 *(__FICD.sec)
 __FICD.sec       0xf8000e          0x2 build/default/production/main.o

__FUID0
 *(__FUID0.sec)

__FUID1
 *(__FUID1.sec)

__FUID2
 *(__FUID2.sec)

__FUID3
 *(__FUID3.sec)

.comment
 *(.comment)

.debug_info       0x000000      0x106bd
 *(.debug_info)
 .debug_info      0x000000        0x94e build/default/production/BRIDGE/SRC/Thread_BRIDGE.o
 .debug_info      0x00094e        0x858 build/default/production/FreeRTOS/Source/croutine.o
 .debug_info      0x0011a6        0x902 build/default/production/FreeRTOS/Source/event_groups.o
 .debug_info      0x001aa8        0x469 build/default/production/FreeRTOS/Source/list.o
 .debug_info      0x001f11        0xf4a build/default/production/FreeRTOS/Source/queue.o
 .debug_info      0x002e5b       0x1773 build/default/production/FreeRTOS/Source/tasks.o
 .debug_info      0x0045ce        0x177 build/default/production/FreeRTOS/Source/timers.o
 .debug_info      0x004745        0xa9d build/default/production/FreeRTOS/Source/portable/MPLAB/PIC24_dsPIC/port.o
 .debug_info      0x0051e2         0xde build/default/production/FreeRTOS/Source/portable/MPLAB/PIC24_dsPIC/portasm_dsPIC.o
 .debug_info      0x0052c0        0x20d build/default/production/FreeRTOS/Source/portable/MemMang/heap_3.o
 .debug_info      0x0054cd       0x1c11 build/default/production/SCoCAN/SRC/Thread_ecan.o
 .debug_info      0x0070de       0x21a8 build/default/production/SCoCAN/SRC/CAN_DSPIC_33F_Configuration.o
 .debug_info      0x009286       0x135e build/default/production/SCoCAN/SRC/CAN_DSPIC_33F_Stack.o
 .debug_info      0x00a5e4        0xa65 build/default/production/SCoCAN/SRC/CAN_DSPIC_33F_Stack_Overflow.o
 .debug_info      0x00b049        0x4d7 build/default/production/util/util.o
 .debug_info      0x00b520       0x1b0b build/default/production/UX/Thread_UX_ISC.o
 .debug_info      0x00d02b       0x1ee3 build/default/production/serial/serial.o
 .debug_info      0x00ef0e        0xc93 build/default/production/main.o
 .debug_info      0x00fba1         0x90 c:/program files/microchip/xc16/v2.00/bin/bin/../../lib\libc99-pic30-elf.a(fixunssfsi.XX_o)
 .debug_info      0x00fc31         0x91 c:/program files/microchip/xc16/v2.00/bin/bin/../../lib\libc99-pic30-elf.a(floatunsisf.XX_o)
 .debug_info      0x00fcc2         0x8d c:/program files/microchip/xc16/v2.00/bin/bin/../../lib\libc99-pic30-elf.a(funpack.XX_o)
 .debug_info      0x00fd4f         0x8d c:/program files/microchip/xc16/v2.00/bin/bin/../../lib\libc99-pic30-elf.a(udivsi3.XX_o)
 .debug_info      0x00fddc         0x8d c:/program files/microchip/xc16/v2.00/bin/bin/../../lib\libc99-pic30-elf.a(umodsi3.XX_o)
 .debug_info      0x00fe69         0x9d c:/program files/microchip/xc16/v2.00/bin/bin/../../lib\libc99-pic30-elf.a(addsf3x.XX_o)
 .debug_info      0x00ff06         0x9d c:/program files/microchip/xc16/v2.00/bin/bin/../../lib\libc99-pic30-elf.a(divsf3x.XX_o)
 .debug_info      0x00ffa3         0x9d c:/program files/microchip/xc16/v2.00/bin/bin/../../lib\libc99-pic30-elf.a(mulsf3x.XX_o)
 .debug_info      0x010040         0xa0 c:/program files/microchip/xc16/v2.00/bin/bin/../../lib\libc99-pic30-elf.a(dnrmpackfx.XX_o)
 .debug_info      0x0100e0         0xa2 c:/program files/microchip/xc16/v2.00/bin/bin/../../lib\libc99-pic30-elf.a(unpackdnrmfx.XX_o)
 .debug_info      0x010182         0x9c c:/program files/microchip/xc16/v2.00/bin/bin/../../lib\libc99-pic30-elf.a(typefx.XX_o)
 .debug_info      0x01021e         0x9f c:/program files/microchip/xc16/v2.00/bin/bin/../../lib\libc99-pic30-elf.a(propnanfx.XX_o)
 .debug_info      0x0102bd         0x9d c:/program files/microchip/xc16/v2.00/bin/bin/../../lib\libc99-pic30-elf.a(spackfx.XX_o)
 .debug_info      0x01035a         0x9e c:/program files/microchip/xc16/v2.00/bin/bin/../../lib\libc99-pic30-elf.a(unpackfx.XX_o)
 .debug_info      0x0103f8         0x91 c:/program files/microchip/xc16/v2.00/bin/bin/../../lib\libc99-pic30-elf.a(floatundisf.XX_o)
 .debug_info      0x010489         0x8b c:/program files/microchip/xc16/v2.00/bin/bin/../../lib\libc99-pic30-elf.a(fpack.XX_o)
 .debug_info      0x010514         0x8d c:/program files/microchip/xc16/v2.00/bin/bin/../../lib\libc99-pic30-elf.a(umuldi3.XX_o)
 .debug_info      0x0105a1         0x90 c:/program files/microchip/xc16/v2.00/bin/bin/../../lib\libc99-pic30-elf.a(extendsfdf.XX_o)
 .debug_info      0x010631         0x8c c:/program files/microchip/xc16/v2.00/bin/bin/../../lib\libc99-pic30-elf.a(mulsi3.XX_o)
 *(.gnu.linkonce.wi.*)

.debug_abbrev     0x000000       0x1c6e
 *(.debug_abbrev)
 .debug_abbrev    0x000000        0x22a build/default/production/BRIDGE/SRC/Thread_BRIDGE.o
 .debug_abbrev    0x00022a        0x1c8 build/default/production/FreeRTOS/Source/croutine.o
 .debug_abbrev    0x0003f2        0x140 build/default/production/FreeRTOS/Source/event_groups.o
 .debug_abbrev    0x000532         0xda build/default/production/FreeRTOS/Source/list.o
 .debug_abbrev    0x00060c        0x13f build/default/production/FreeRTOS/Source/queue.o
 .debug_abbrev    0x00074b        0x1e2 build/default/production/FreeRTOS/Source/tasks.o
 .debug_abbrev    0x00092d         0x1f build/default/production/FreeRTOS/Source/timers.o
 .debug_abbrev    0x00094c        0x1a5 build/default/production/FreeRTOS/Source/portable/MPLAB/PIC24_dsPIC/port.o
 .debug_abbrev    0x000af1         0x14 build/default/production/FreeRTOS/Source/portable/MPLAB/PIC24_dsPIC/portasm_dsPIC.o
 .debug_abbrev    0x000b05         0x7f build/default/production/FreeRTOS/Source/portable/MemMang/heap_3.o
 .debug_abbrev    0x000b84        0x32b build/default/production/SCoCAN/SRC/Thread_ecan.o
 .debug_abbrev    0x000eaf        0x265 build/default/production/SCoCAN/SRC/CAN_DSPIC_33F_Configuration.o
 .debug_abbrev    0x001114        0x1e7 build/default/production/SCoCAN/SRC/CAN_DSPIC_33F_Stack.o
 .debug_abbrev    0x0012fb        0x16c build/default/production/SCoCAN/SRC/CAN_DSPIC_33F_Stack_Overflow.o
 .debug_abbrev    0x001467         0xa6 build/default/production/util/util.o
 .debug_abbrev    0x00150d        0x25c build/default/production/UX/Thread_UX_ISC.o
 .debug_abbrev    0x001769        0x1c9 build/default/production/serial/serial.o
 .debug_abbrev    0x001932        0x1c0 build/default/production/main.o
 .debug_abbrev    0x001af2         0x14 c:/program files/microchip/xc16/v2.00/bin/bin/../../lib\libc99-pic30-elf.a(fixunssfsi.XX_o)
 .debug_abbrev    0x001b06         0x14 c:/program files/microchip/xc16/v2.00/bin/bin/../../lib\libc99-pic30-elf.a(floatunsisf.XX_o)
 .debug_abbrev    0x001b1a         0x14 c:/program files/microchip/xc16/v2.00/bin/bin/../../lib\libc99-pic30-elf.a(funpack.XX_o)
 .debug_abbrev    0x001b2e         0x14 c:/program files/microchip/xc16/v2.00/bin/bin/../../lib\libc99-pic30-elf.a(udivsi3.XX_o)
 .debug_abbrev    0x001b42         0x14 c:/program files/microchip/xc16/v2.00/bin/bin/../../lib\libc99-pic30-elf.a(umodsi3.XX_o)
 .debug_abbrev    0x001b56         0x14 c:/program files/microchip/xc16/v2.00/bin/bin/../../lib\libc99-pic30-elf.a(addsf3x.XX_o)
 .debug_abbrev    0x001b6a         0x14 c:/program files/microchip/xc16/v2.00/bin/bin/../../lib\libc99-pic30-elf.a(divsf3x.XX_o)
 .debug_abbrev    0x001b7e         0x14 c:/program files/microchip/xc16/v2.00/bin/bin/../../lib\libc99-pic30-elf.a(mulsf3x.XX_o)
 .debug_abbrev    0x001b92         0x14 c:/program files/microchip/xc16/v2.00/bin/bin/../../lib\libc99-pic30-elf.a(dnrmpackfx.XX_o)
 .debug_abbrev    0x001ba6         0x14 c:/program files/microchip/xc16/v2.00/bin/bin/../../lib\libc99-pic30-elf.a(unpackdnrmfx.XX_o)
 .debug_abbrev    0x001bba         0x14 c:/program files/microchip/xc16/v2.00/bin/bin/../../lib\libc99-pic30-elf.a(typefx.XX_o)
 .debug_abbrev    0x001bce         0x14 c:/program files/microchip/xc16/v2.00/bin/bin/../../lib\libc99-pic30-elf.a(propnanfx.XX_o)
 .debug_abbrev    0x001be2         0x14 c:/program files/microchip/xc16/v2.00/bin/bin/../../lib\libc99-pic30-elf.a(spackfx.XX_o)
 .debug_abbrev    0x001bf6         0x14 c:/program files/microchip/xc16/v2.00/bin/bin/../../lib\libc99-pic30-elf.a(unpackfx.XX_o)
 .debug_abbrev    0x001c0a         0x14 c:/program files/microchip/xc16/v2.00/bin/bin/../../lib\libc99-pic30-elf.a(floatundisf.XX_o)
 .debug_abbrev    0x001c1e         0x14 c:/program files/microchip/xc16/v2.00/bin/bin/../../lib\libc99-pic30-elf.a(fpack.XX_o)
 .debug_abbrev    0x001c32         0x14 c:/program files/microchip/xc16/v2.00/bin/bin/../../lib\libc99-pic30-elf.a(umuldi3.XX_o)
 .debug_abbrev    0x001c46         0x14 c:/program files/microchip/xc16/v2.00/bin/bin/../../lib\libc99-pic30-elf.a(extendsfdf.XX_o)
 .debug_abbrev    0x001c5a         0x14 c:/program files/microchip/xc16/v2.00/bin/bin/../../lib\libc99-pic30-elf.a(mulsi3.XX_o)

.debug_line       0x000000       0x2c39
 *(.debug_line)
 .debug_line      0x000000        0x279 build/default/production/BRIDGE/SRC/Thread_BRIDGE.o
 .debug_line      0x000279        0x216 build/default/production/FreeRTOS/Source/croutine.o
 .debug_line      0x00048f        0x1e7 build/default/production/FreeRTOS/Source/event_groups.o
 .debug_line      0x000676        0x136 build/default/production/FreeRTOS/Source/list.o
 .debug_line      0x0007ac        0x389 build/default/production/FreeRTOS/Source/queue.o
 .debug_line      0x000b35        0x487 build/default/production/FreeRTOS/Source/tasks.o
 .debug_line      0x000fbc         0x1a build/default/production/FreeRTOS/Source/timers.o
 .debug_line      0x000fd6        0x1f5 build/default/production/FreeRTOS/Source/portable/MPLAB/PIC24_dsPIC/port.o
 .debug_line      0x0011cb         0xa4 build/default/production/FreeRTOS/Source/portable/MPLAB/PIC24_dsPIC/portasm_dsPIC.o
 .debug_line      0x00126f         0xb3 build/default/production/FreeRTOS/Source/portable/MemMang/heap_3.o
 .debug_line      0x001322        0x31b build/default/production/SCoCAN/SRC/Thread_ecan.o
 .debug_line      0x00163d        0x2ab build/default/production/SCoCAN/SRC/CAN_DSPIC_33F_Configuration.o
 .debug_line      0x0018e8        0x1d3 build/default/production/SCoCAN/SRC/CAN_DSPIC_33F_Stack.o
 .debug_line      0x001abb         0x89 build/default/production/SCoCAN/SRC/CAN_DSPIC_33F_Stack_Overflow.o
 .debug_line      0x001b44        0x135 build/default/production/util/util.o
 .debug_line      0x001c79        0x299 build/default/production/UX/Thread_UX_ISC.o
 .debug_line      0x001f12        0x25b build/default/production/serial/serial.o
 .debug_line      0x00216d        0x1db build/default/production/main.o
 .debug_line      0x002348         0x53 c:/program files/microchip/xc16/v2.00/bin/bin/../../lib\libc99-pic30-elf.a(fixunssfsi.XX_o)
 .debug_line      0x00239b         0x3b c:/program files/microchip/xc16/v2.00/bin/bin/../../lib\libc99-pic30-elf.a(floatunsisf.XX_o)
 .debug_line      0x0023d6         0x4a c:/program files/microchip/xc16/v2.00/bin/bin/../../lib\libc99-pic30-elf.a(funpack.XX_o)
 .debug_line      0x002420         0x45 c:/program files/microchip/xc16/v2.00/bin/bin/../../lib\libc99-pic30-elf.a(udivsi3.XX_o)
 .debug_line      0x002465         0x38 c:/program files/microchip/xc16/v2.00/bin/bin/../../lib\libc99-pic30-elf.a(umodsi3.XX_o)
 .debug_line      0x00249d        0x136 c:/program files/microchip/xc16/v2.00/bin/bin/../../lib\libc99-pic30-elf.a(addsf3x.XX_o)
 .debug_line      0x0025d3        0x124 c:/program files/microchip/xc16/v2.00/bin/bin/../../lib\libc99-pic30-elf.a(divsf3x.XX_o)
 .debug_line      0x0026f7         0xcc c:/program files/microchip/xc16/v2.00/bin/bin/../../lib\libc99-pic30-elf.a(mulsf3x.XX_o)
 .debug_line      0x0027c3         0x72 c:/program files/microchip/xc16/v2.00/bin/bin/../../lib\libc99-pic30-elf.a(dnrmpackfx.XX_o)
 .debug_line      0x002835         0x7a c:/program files/microchip/xc16/v2.00/bin/bin/../../lib\libc99-pic30-elf.a(unpackdnrmfx.XX_o)
 .debug_line      0x0028af         0x5e c:/program files/microchip/xc16/v2.00/bin/bin/../../lib\libc99-pic30-elf.a(typefx.XX_o)
 .debug_line      0x00290d         0x51 c:/program files/microchip/xc16/v2.00/bin/bin/../../lib\libc99-pic30-elf.a(propnanfx.XX_o)
 .debug_line      0x00295e         0x98 c:/program files/microchip/xc16/v2.00/bin/bin/../../lib\libc99-pic30-elf.a(spackfx.XX_o)
 .debug_line      0x0029f6         0x79 c:/program files/microchip/xc16/v2.00/bin/bin/../../lib\libc99-pic30-elf.a(unpackfx.XX_o)
 .debug_line      0x002a6f         0x1a c:/program files/microchip/xc16/v2.00/bin/bin/../../lib\libc99-pic30-elf.a(errno.XX_o)
 .debug_line      0x002a89         0x6c c:/program files/microchip/xc16/v2.00/bin/bin/../../lib\libc99-pic30-elf.a(floatundisf.XX_o)
 .debug_line      0x002af5         0x5a c:/program files/microchip/xc16/v2.00/bin/bin/../../lib\libc99-pic30-elf.a(fpack.XX_o)
 .debug_line      0x002b4f         0x57 c:/program files/microchip/xc16/v2.00/bin/bin/../../lib\libc99-pic30-elf.a(umuldi3.XX_o)
 .debug_line      0x002ba6         0x59 c:/program files/microchip/xc16/v2.00/bin/bin/../../lib\libc99-pic30-elf.a(extendsfdf.XX_o)
 .debug_line      0x002bff         0x3a c:/program files/microchip/xc16/v2.00/bin/bin/../../lib\libc99-pic30-elf.a(mulsi3.XX_o)

.debug_frame      0x000000       0x1732
 *(.debug_frame)
 .debug_frame     0x000000        0x190 build/default/production/BRIDGE/SRC/Thread_BRIDGE.o
 .debug_frame     0x000190         0xca build/default/production/FreeRTOS/Source/croutine.o
 .debug_frame     0x00025a        0x14c build/default/production/FreeRTOS/Source/event_groups.o
 .debug_frame     0x0003a6         0x96 build/default/production/FreeRTOS/Source/list.o
 .debug_frame     0x00043c        0x26a build/default/production/FreeRTOS/Source/queue.o
 .debug_frame     0x0006a6        0x3e8 build/default/production/FreeRTOS/Source/tasks.o
 .debug_frame     0x000a8e         0xf6 build/default/production/FreeRTOS/Source/portable/MPLAB/PIC24_dsPIC/port.o
 .debug_frame     0x000b84         0x48 build/default/production/FreeRTOS/Source/portable/MemMang/heap_3.o
 .debug_frame     0x000bcc        0x2da build/default/production/SCoCAN/SRC/Thread_ecan.o
 .debug_frame     0x000ea6        0x1bc build/default/production/SCoCAN/SRC/CAN_DSPIC_33F_Configuration.o
 .debug_frame     0x001062        0x202 build/default/production/SCoCAN/SRC/CAN_DSPIC_33F_Stack.o
 .debug_frame     0x001264         0x2e build/default/production/SCoCAN/SRC/CAN_DSPIC_33F_Stack_Overflow.o
 .debug_frame     0x001292         0x96 build/default/production/util/util.o
 .debug_frame     0x001328        0x1ac build/default/production/UX/Thread_UX_ISC.o
 .debug_frame     0x0014d4        0x1ae build/default/production/serial/serial.o
 .debug_frame     0x001682         0xb0 build/default/production/main.o

.debug_str        0x000000        0x93a
 *(.debug_str)
 .debug_str       0x000000         0x60 build/default/production/BRIDGE/SRC/Thread_BRIDGE.o
 .debug_str       0x000060         0x50 build/default/production/FreeRTOS/Source/croutine.o
 .debug_str       0x0000b0         0xe6 build/default/production/FreeRTOS/Source/event_groups.o
 .debug_str       0x000196         0x2b build/default/production/FreeRTOS/Source/list.o
 .debug_str       0x0001c1         0xd2 build/default/production/FreeRTOS/Source/queue.o
 .debug_str       0x000293        0x153 build/default/production/FreeRTOS/Source/tasks.o
 .debug_str       0x0003e6         0x37 build/default/production/FreeRTOS/Source/portable/MPLAB/PIC24_dsPIC/port.o
 .debug_str       0x00041d        0x114 build/default/production/SCoCAN/SRC/Thread_ecan.o
 .debug_str       0x000531         0xee build/default/production/SCoCAN/SRC/CAN_DSPIC_33F_Configuration.o
 .debug_str       0x00061f         0x59 build/default/production/SCoCAN/SRC/CAN_DSPIC_33F_Stack.o
 .debug_str       0x000678         0x1f build/default/production/SCoCAN/SRC/CAN_DSPIC_33F_Stack_Overflow.o
 .debug_str       0x000697        0x126 build/default/production/UX/Thread_UX_ISC.o
 .debug_str       0x0007bd        0x107 build/default/production/serial/serial.o
 .debug_str       0x0008c4         0x76 build/default/production/main.o

.debug_loc
 *(.debug_loc)

.debug_macinfo
 *(.debug_macinfo)

.debug_pubnames
                  0x000000       0x14f7
 *(.debug_pubnames)
 .debug_pubnames
                  0x000000        0x172 build/default/production/BRIDGE/SRC/Thread_BRIDGE.o
 .debug_pubnames
                  0x000172         0x96 build/default/production/FreeRTOS/Source/croutine.o
 .debug_pubnames
                  0x000208         0xf8 build/default/production/FreeRTOS/Source/event_groups.o
 .debug_pubnames
                  0x000300         0x72 build/default/production/FreeRTOS/Source/list.o
 .debug_pubnames
                  0x000372        0x1ce build/default/production/FreeRTOS/Source/queue.o
 .debug_pubnames
                  0x000540        0x2d2 build/default/production/FreeRTOS/Source/tasks.o
 .debug_pubnames
                  0x000812         0xd6 build/default/production/FreeRTOS/Source/portable/MPLAB/PIC24_dsPIC/port.o
 .debug_pubnames
                  0x0008e8         0x31 build/default/production/FreeRTOS/Source/portable/MemMang/heap_3.o
 .debug_pubnames
                  0x000919        0x29b build/default/production/SCoCAN/SRC/Thread_ecan.o
 .debug_pubnames
                  0x000bb4        0x2be build/default/production/SCoCAN/SRC/CAN_DSPIC_33F_Configuration.o
 .debug_pubnames
                  0x000e72        0x30a build/default/production/SCoCAN/SRC/CAN_DSPIC_33F_Stack.o
 .debug_pubnames
                  0x00117c         0x4d build/default/production/SCoCAN/SRC/CAN_DSPIC_33F_Stack_Overflow.o
 .debug_pubnames
                  0x0011c9         0x6c build/default/production/util/util.o
 .debug_pubnames
                  0x001235        0x16b build/default/production/UX/Thread_UX_ISC.o
 .debug_pubnames
                  0x0013a0         0xd6 build/default/production/serial/serial.o
 .debug_pubnames
                  0x001476         0x81 build/default/production/main.o

.debug_ranges
 *(.debug_ranges)

.debug_aranges    0x000000        0x360
 *(.debug_aranges)
 .debug_aranges
                  0x000000         0x18 build/default/production/BRIDGE/SRC/Thread_BRIDGE.o
 .debug_aranges
                  0x000018         0x18 build/default/production/FreeRTOS/Source/croutine.o
 .debug_aranges
                  0x000030         0x18 build/default/production/FreeRTOS/Source/event_groups.o
 .debug_aranges
                  0x000048         0x18 build/default/production/FreeRTOS/Source/list.o
 .debug_aranges
                  0x000060         0x18 build/default/production/FreeRTOS/Source/queue.o
 .debug_aranges
                  0x000078         0x18 build/default/production/FreeRTOS/Source/tasks.o
 .debug_aranges
                  0x000090         0x18 build/default/production/FreeRTOS/Source/portable/MPLAB/PIC24_dsPIC/port.o
 .debug_aranges
                  0x0000a8         0x18 build/default/production/FreeRTOS/Source/portable/MPLAB/PIC24_dsPIC/portasm_dsPIC.o
 .debug_aranges
                  0x0000c0         0x18 build/default/production/FreeRTOS/Source/portable/MemMang/heap_3.o
 .debug_aranges
                  0x0000d8         0x18 build/default/production/SCoCAN/SRC/Thread_ecan.o
 .debug_aranges
                  0x0000f0         0x18 build/default/production/SCoCAN/SRC/CAN_DSPIC_33F_Configuration.o
 .debug_aranges
                  0x000108         0x18 build/default/production/SCoCAN/SRC/CAN_DSPIC_33F_Stack.o
 .debug_aranges
                  0x000120         0x18 build/default/production/SCoCAN/SRC/CAN_DSPIC_33F_Stack_Overflow.o
 .debug_aranges
                  0x000138         0x18 build/default/production/util/util.o
 .debug_aranges
                  0x000150         0x18 build/default/production/UX/Thread_UX_ISC.o
 .debug_aranges
                  0x000168         0x18 build/default/production/serial/serial.o
 .debug_aranges
                  0x000180         0x18 build/default/production/main.o
 .debug_aranges
                  0x000198         0x18 c:/program files/microchip/xc16/v2.00/bin/bin/../../lib\libc99-pic30-elf.a(fixunssfsi.XX_o)
 .debug_aranges
                  0x0001b0         0x18 c:/program files/microchip/xc16/v2.00/bin/bin/../../lib\libc99-pic30-elf.a(floatunsisf.XX_o)
 .debug_aranges
                  0x0001c8         0x18 c:/program files/microchip/xc16/v2.00/bin/bin/../../lib\libc99-pic30-elf.a(funpack.XX_o)
 .debug_aranges
                  0x0001e0         0x18 c:/program files/microchip/xc16/v2.00/bin/bin/../../lib\libc99-pic30-elf.a(udivsi3.XX_o)
 .debug_aranges
                  0x0001f8         0x18 c:/program files/microchip/xc16/v2.00/bin/bin/../../lib\libc99-pic30-elf.a(umodsi3.XX_o)
 .debug_aranges
                  0x000210         0x18 c:/program files/microchip/xc16/v2.00/bin/bin/../../lib\libc99-pic30-elf.a(addsf3x.XX_o)
 .debug_aranges
                  0x000228         0x18 c:/program files/microchip/xc16/v2.00/bin/bin/../../lib\libc99-pic30-elf.a(divsf3x.XX_o)
 .debug_aranges
                  0x000240         0x18 c:/program files/microchip/xc16/v2.00/bin/bin/../../lib\libc99-pic30-elf.a(mulsf3x.XX_o)
 .debug_aranges
                  0x000258         0x18 c:/program files/microchip/xc16/v2.00/bin/bin/../../lib\libc99-pic30-elf.a(dnrmpackfx.XX_o)
 .debug_aranges
                  0x000270         0x18 c:/program files/microchip/xc16/v2.00/bin/bin/../../lib\libc99-pic30-elf.a(unpackdnrmfx.XX_o)
 .debug_aranges
                  0x000288         0x18 c:/program files/microchip/xc16/v2.00/bin/bin/../../lib\libc99-pic30-elf.a(typefx.XX_o)
 .debug_aranges
                  0x0002a0         0x18 c:/program files/microchip/xc16/v2.00/bin/bin/../../lib\libc99-pic30-elf.a(propnanfx.XX_o)
 .debug_aranges
                  0x0002b8         0x18 c:/program files/microchip/xc16/v2.00/bin/bin/../../lib\libc99-pic30-elf.a(spackfx.XX_o)
 .debug_aranges
                  0x0002d0         0x18 c:/program files/microchip/xc16/v2.00/bin/bin/../../lib\libc99-pic30-elf.a(unpackfx.XX_o)
 .debug_aranges
                  0x0002e8         0x18 c:/program files/microchip/xc16/v2.00/bin/bin/../../lib\libc99-pic30-elf.a(floatundisf.XX_o)
 .debug_aranges
                  0x000300         0x18 c:/program files/microchip/xc16/v2.00/bin/bin/../../lib\libc99-pic30-elf.a(fpack.XX_o)
 .debug_aranges
                  0x000318         0x18 c:/program files/microchip/xc16/v2.00/bin/bin/../../lib\libc99-pic30-elf.a(umuldi3.XX_o)
 .debug_aranges
                  0x000330         0x18 c:/program files/microchip/xc16/v2.00/bin/bin/../../lib\libc99-pic30-elf.a(extendsfdf.XX_o)
 .debug_aranges
                  0x000348         0x18 c:/program files/microchip/xc16/v2.00/bin/bin/../../lib\libc99-pic30-elf.a(mulsi3.XX_o)

.ivt              0x000004         0xfc
                  0x000004          0x4 LONG 0x10932 DEFINED (__ReservedTrap0)?ABSOLUTE (__ReservedTrap0):ABSOLUTE (__DefaultInterrupt)
                  0x000006          0x4 LONG 0x10932 DEFINED (__OscillatorFail)?ABSOLUTE (__OscillatorFail):ABSOLUTE (__DefaultInterrupt)
                  0x000008          0x4 LONG 0x10932 DEFINED (__AddressError)?ABSOLUTE (__AddressError):ABSOLUTE (__DefaultInterrupt)
                  0x00000a          0x4 LONG 0x10932 DEFINED (__StackError)?ABSOLUTE (__StackError):ABSOLUTE (__DefaultInterrupt)
                  0x00000c          0x4 LONG 0x10932 DEFINED (__MathError)?ABSOLUTE (__MathError):ABSOLUTE (__DefaultInterrupt)
                  0x00000e          0x4 LONG 0x10932 DEFINED (__DMACError)?ABSOLUTE (__DMACError):ABSOLUTE (__DefaultInterrupt)
                  0x000010          0x4 LONG 0x10932 DEFINED (__ReservedTrap6)?ABSOLUTE (__ReservedTrap6):ABSOLUTE (__DefaultInterrupt)
                  0x000012          0x4 LONG 0x10932 DEFINED (__ReservedTrap7)?ABSOLUTE (__ReservedTrap7):ABSOLUTE (__DefaultInterrupt)
                  0x000014          0x4 LONG 0x10932 DEFINED (__INT0Interrupt)?ABSOLUTE (__INT0Interrupt):ABSOLUTE (__DefaultInterrupt)
                  0x000016          0x4 LONG 0x10932 DEFINED (__IC1Interrupt)?ABSOLUTE (__IC1Interrupt):ABSOLUTE (__DefaultInterrupt)
                  0x000018          0x4 LONG 0x10932 DEFINED (__OC1Interrupt)?ABSOLUTE (__OC1Interrupt):ABSOLUTE (__DefaultInterrupt)
                  0x00001a          0x4 LONG 0x10b3c DEFINED (__T1Interrupt)?ABSOLUTE (__T1Interrupt):ABSOLUTE (__DefaultInterrupt)
                  0x00001c          0x4 LONG 0x10882 DEFINED (__DMA0Interrupt)?ABSOLUTE (__DMA0Interrupt):ABSOLUTE (__DefaultInterrupt)
                  0x00001e          0x4 LONG 0x10932 DEFINED (__IC2Interrupt)?ABSOLUTE (__IC2Interrupt):ABSOLUTE (__DefaultInterrupt)
                  0x000020          0x4 LONG 0x10932 DEFINED (__OC2Interrupt)?ABSOLUTE (__OC2Interrupt):ABSOLUTE (__DefaultInterrupt)
                  0x000022          0x4 LONG 0x10932 DEFINED (__T2Interrupt)?ABSOLUTE (__T2Interrupt):ABSOLUTE (__DefaultInterrupt)
                  0x000024          0x4 LONG 0x10932 DEFINED (__T3Interrupt)?ABSOLUTE (__T3Interrupt):ABSOLUTE (__DefaultInterrupt)
                  0x000026          0x4 LONG 0x10932 DEFINED (__SPI1ErrInterrupt)?ABSOLUTE (__SPI1ErrInterrupt):ABSOLUTE (__DefaultInterrupt)
                  0x000028          0x4 LONG 0x10932 DEFINED (__SPI1Interrupt)?ABSOLUTE (__SPI1Interrupt):ABSOLUTE (__DefaultInterrupt)
                  0x00002a          0x4 LONG 0x1028a DEFINED (__U1RXInterrupt)?ABSOLUTE (__U1RXInterrupt):ABSOLUTE (__DefaultInterrupt)
                  0x00002c          0x4 LONG 0x10322 DEFINED (__U1TXInterrupt)?ABSOLUTE (__U1TXInterrupt):ABSOLUTE (__DefaultInterrupt)
                  0x00002e          0x4 LONG 0x10932 DEFINED (__ADC1Interrupt)?ABSOLUTE (__ADC1Interrupt):ABSOLUTE (__DefaultInterrupt)
                  0x000030          0x4 LONG 0x10896 DEFINED (__DMA1Interrupt)?ABSOLUTE (__DMA1Interrupt):ABSOLUTE (__DefaultInterrupt)
                  0x000032          0x4 LONG 0x10932 DEFINED (__Interrupt15)?ABSOLUTE (__Interrupt15):ABSOLUTE (__DefaultInterrupt)
                  0x000034          0x4 LONG 0x10932 DEFINED (__SI2C1Interrupt)?ABSOLUTE (__SI2C1Interrupt):ABSOLUTE (__DefaultInterrupt)
                  0x000036          0x4 LONG 0x10932 DEFINED (__MI2C1Interrupt)?ABSOLUTE (__MI2C1Interrupt):ABSOLUTE (__DefaultInterrupt)
                  0x000038          0x4 LONG 0x10932 DEFINED (__CMPInterrupt)?ABSOLUTE (__CMPInterrupt):ABSOLUTE (__DefaultInterrupt)
                  0x00003a          0x4 LONG 0x10932 DEFINED (__CNInterrupt)?ABSOLUTE (__CNInterrupt):ABSOLUTE (__DefaultInterrupt)
                  0x00003c          0x4 LONG 0x10932 DEFINED (__INT1Interrupt)?ABSOLUTE (__INT1Interrupt):ABSOLUTE (__DefaultInterrupt)
                  0x00003e          0x4 LONG 0x10932 DEFINED (__Interrupt21)?ABSOLUTE (__Interrupt21):ABSOLUTE (__DefaultInterrupt)
                  0x000040          0x4 LONG 0x10932 DEFINED (__IC7Interrupt)?ABSOLUTE (__IC7Interrupt):ABSOLUTE (__DefaultInterrupt)
                  0x000042          0x4 LONG 0x10932 DEFINED (__IC8Interrupt)?ABSOLUTE (__IC8Interrupt):ABSOLUTE (__DefaultInterrupt)
                  0x000044          0x4 LONG 0x10932 DEFINED (__DMA2Interrupt)?ABSOLUTE (__DMA2Interrupt):ABSOLUTE (__DefaultInterrupt)
                  0x000046          0x4 LONG 0x10932 DEFINED (__OC3Interrupt)?ABSOLUTE (__OC3Interrupt):ABSOLUTE (__DefaultInterrupt)
                  0x000048          0x4 LONG 0x10932 DEFINED (__OC4Interrupt)?ABSOLUTE (__OC4Interrupt):ABSOLUTE (__DefaultInterrupt)
                  0x00004a          0x4 LONG 0x10932 DEFINED (__T4Interrupt)?ABSOLUTE (__T4Interrupt):ABSOLUTE (__DefaultInterrupt)
                  0x00004c          0x4 LONG 0x10932 DEFINED (__T5Interrupt)?ABSOLUTE (__T5Interrupt):ABSOLUTE (__DefaultInterrupt)
                  0x00004e          0x4 LONG 0x10932 DEFINED (__INT2Interrupt)?ABSOLUTE (__INT2Interrupt):ABSOLUTE (__DefaultInterrupt)
                  0x000050          0x4 LONG 0x10384 DEFINED (__U2RXInterrupt)?ABSOLUTE (__U2RXInterrupt):ABSOLUTE (__DefaultInterrupt)
                  0x000052          0x4 LONG 0x1041c DEFINED (__U2TXInterrupt)?ABSOLUTE (__U2TXInterrupt):ABSOLUTE (__DefaultInterrupt)
                  0x000054          0x4 LONG 0x10932 DEFINED (__SPI2ErrInterrupt)?ABSOLUTE (__SPI2ErrInterrupt):ABSOLUTE (__DefaultInterrupt)
                  0x000056          0x4 LONG 0x10932 DEFINED (__SPI2Interrupt)?ABSOLUTE (__SPI2Interrupt):ABSOLUTE (__DefaultInterrupt)
                  0x000058          0x4 LONG 0x107d0 DEFINED (__C1RxRdyInterrupt)?ABSOLUTE (__C1RxRdyInterrupt):ABSOLUTE (__DefaultInterrupt)
                  0x00005a          0x4 LONG 0x10800 DEFINED (__C1Interrupt)?ABSOLUTE (__C1Interrupt):ABSOLUTE (__DefaultInterrupt)
                  0x00005c          0x4 LONG 0x10932 DEFINED (__DMA3Interrupt)?ABSOLUTE (__DMA3Interrupt):ABSOLUTE (__DefaultInterrupt)
                  0x00005e          0x4 LONG 0x10932 DEFINED (__Interrupt37)?ABSOLUTE (__Interrupt37):ABSOLUTE (__DefaultInterrupt)
                  0x000060          0x4 LONG 0x10932 DEFINED (__Interrupt38)?ABSOLUTE (__Interrupt38):ABSOLUTE (__DefaultInterrupt)
                  0x000062          0x4 LONG 0x10932 DEFINED (__Interrupt39)?ABSOLUTE (__Interrupt39):ABSOLUTE (__DefaultInterrupt)
                  0x000064          0x4 LONG 0x10932 DEFINED (__Interrupt40)?ABSOLUTE (__Interrupt40):ABSOLUTE (__DefaultInterrupt)
                  0x000066          0x4 LONG 0x10932 DEFINED (__Interrupt41)?ABSOLUTE (__Interrupt41):ABSOLUTE (__DefaultInterrupt)
                  0x000068          0x4 LONG 0x10932 DEFINED (__Interrupt42)?ABSOLUTE (__Interrupt42):ABSOLUTE (__DefaultInterrupt)
                  0x00006a          0x4 LONG 0x10932 DEFINED (__Interrupt43)?ABSOLUTE (__Interrupt43):ABSOLUTE (__DefaultInterrupt)
                  0x00006c          0x4 LONG 0x10932 DEFINED (__Interrupt44)?ABSOLUTE (__Interrupt44):ABSOLUTE (__DefaultInterrupt)
                  0x00006e          0x4 LONG 0x10932 DEFINED (__PMPInterrupt)?ABSOLUTE (__PMPInterrupt):ABSOLUTE (__DefaultInterrupt)
                  0x000070          0x4 LONG 0x10932 DEFINED (__DMA4Interrupt)?ABSOLUTE (__DMA4Interrupt):ABSOLUTE (__DefaultInterrupt)
                  0x000072          0x4 LONG 0x10932 DEFINED (__Interrupt47)?ABSOLUTE (__Interrupt47):ABSOLUTE (__DefaultInterrupt)
                  0x000074          0x4 LONG 0x10932 DEFINED (__Interrupt48)?ABSOLUTE (__Interrupt48):ABSOLUTE (__DefaultInterrupt)
                  0x000076          0x4 LONG 0x10932 DEFINED (__Interrupt49)?ABSOLUTE (__Interrupt49):ABSOLUTE (__DefaultInterrupt)
                  0x000078          0x4 LONG 0x10932 DEFINED (__Interrupt50)?ABSOLUTE (__Interrupt50):ABSOLUTE (__DefaultInterrupt)
                  0x00007a          0x4 LONG 0x10932 DEFINED (__Interrupt51)?ABSOLUTE (__Interrupt51):ABSOLUTE (__DefaultInterrupt)
                  0x00007c          0x4 LONG 0x10932 DEFINED (__Interrupt52)?ABSOLUTE (__Interrupt52):ABSOLUTE (__DefaultInterrupt)
                  0x00007e          0x4 LONG 0x10932 DEFINED (__Interrupt53)?ABSOLUTE (__Interrupt53):ABSOLUTE (__DefaultInterrupt)
                  0x000080          0x4 LONG 0x10932 DEFINED (__Interrupt54)?ABSOLUTE (__Interrupt54):ABSOLUTE (__DefaultInterrupt)
                  0x000082          0x4 LONG 0x10932 DEFINED (__Interrupt55)?ABSOLUTE (__Interrupt55):ABSOLUTE (__DefaultInterrupt)
                  0x000084          0x4 LONG 0x10932 DEFINED (__Interrupt56)?ABSOLUTE (__Interrupt56):ABSOLUTE (__DefaultInterrupt)
                  0x000086          0x4 LONG 0x10932 DEFINED (__MPWM1Interrupt)?ABSOLUTE (__MPWM1Interrupt):ABSOLUTE (__DefaultInterrupt)
                  0x000088          0x4 LONG 0x10932 DEFINED (__QEI1Interrupt)?ABSOLUTE (__QEI1Interrupt):ABSOLUTE (__DefaultInterrupt)
                  0x00008a          0x4 LONG 0x10932 DEFINED (__Interrupt59)?ABSOLUTE (__Interrupt59):ABSOLUTE (__DefaultInterrupt)
                  0x00008c          0x4 LONG 0x10932 DEFINED (__Interrupt60)?ABSOLUTE (__Interrupt60):ABSOLUTE (__DefaultInterrupt)
                  0x00008e          0x4 LONG 0x10932 DEFINED (__DMA5Interrupt)?ABSOLUTE (__DMA5Interrupt):ABSOLUTE (__DefaultInterrupt)
                  0x000090          0x4 LONG 0x10932 DEFINED (__RTCCInterrupt)?ABSOLUTE (__RTCCInterrupt):ABSOLUTE (__DefaultInterrupt)
                  0x000092          0x4 LONG 0x10932 DEFINED (__FLTA1Interrupt)?ABSOLUTE (__FLTA1Interrupt):ABSOLUTE (__DefaultInterrupt)
                  0x000094          0x4 LONG 0x10932 DEFINED (__Interrupt64)?ABSOLUTE (__Interrupt64):ABSOLUTE (__DefaultInterrupt)
                  0x000096          0x4 LONG 0x10932 DEFINED (__U1ErrInterrupt)?ABSOLUTE (__U1ErrInterrupt):ABSOLUTE (__DefaultInterrupt)
                  0x000098          0x4 LONG 0x10932 DEFINED (__U2ErrInterrupt)?ABSOLUTE (__U2ErrInterrupt):ABSOLUTE (__DefaultInterrupt)
                  0x00009a          0x4 LONG 0x10932 DEFINED (__CRCInterrupt)?ABSOLUTE (__CRCInterrupt):ABSOLUTE (__DefaultInterrupt)
                  0x00009c          0x4 LONG 0x10932 DEFINED (__DMA6Interrupt)?ABSOLUTE (__DMA6Interrupt):ABSOLUTE (__DefaultInterrupt)
                  0x00009e          0x4 LONG 0x10932 DEFINED (__DMA7Interrupt)?ABSOLUTE (__DMA7Interrupt):ABSOLUTE (__DefaultInterrupt)
                  0x0000a0          0x4 LONG 0x107e8 DEFINED (__C1TxReqInterrupt)?ABSOLUTE (__C1TxReqInterrupt):ABSOLUTE (__DefaultInterrupt)
                  0x0000a2          0x4 LONG 0x10932 DEFINED (__Interrupt71)?ABSOLUTE (__Interrupt71):ABSOLUTE (__DefaultInterrupt)
                  0x0000a4          0x4 LONG 0x10932 DEFINED (__Interrupt72)?ABSOLUTE (__Interrupt72):ABSOLUTE (__DefaultInterrupt)
                  0x0000a6          0x4 LONG 0x10932 DEFINED (__MPWM2Interrupt)?ABSOLUTE (__MPWM2Interrupt):ABSOLUTE (__DefaultInterrupt)
                  0x0000a8          0x4 LONG 0x10932 DEFINED (__FLTA2Interrupt)?ABSOLUTE (__FLTA2Interrupt):ABSOLUTE (__DefaultInterrupt)
                  0x0000aa          0x4 LONG 0x10932 DEFINED (__QEI2Interrupt)?ABSOLUTE (__QEI2Interrupt):ABSOLUTE (__DefaultInterrupt)
                  0x0000ac          0x4 LONG 0x10932 DEFINED (__Interrupt76)?ABSOLUTE (__Interrupt76):ABSOLUTE (__DefaultInterrupt)
                  0x0000ae          0x4 LONG 0x10932 DEFINED (__Interrupt77)?ABSOLUTE (__Interrupt77):ABSOLUTE (__DefaultInterrupt)
                  0x0000b0          0x4 LONG 0x10932 DEFINED (__DAC1RInterrupt)?ABSOLUTE (__DAC1RInterrupt):ABSOLUTE (__DefaultInterrupt)
                  0x0000b2          0x4 LONG 0x10932 DEFINED (__DAC1LInterrupt)?ABSOLUTE (__DAC1LInterrupt):ABSOLUTE (__DefaultInterrupt)
                  0x0000b4          0x4 LONG 0x10932 DEFINED (__Interrupt80)?ABSOLUTE (__Interrupt80):ABSOLUTE (__DefaultInterrupt)
                  0x0000b6          0x4 LONG 0x10932 DEFINED (__Interrupt81)?ABSOLUTE (__Interrupt81):ABSOLUTE (__DefaultInterrupt)
                  0x0000b8          0x4 LONG 0x10932 DEFINED (__Interrupt82)?ABSOLUTE (__Interrupt82):ABSOLUTE (__DefaultInterrupt)
                  0x0000ba          0x4 LONG 0x10932 DEFINED (__Interrupt83)?ABSOLUTE (__Interrupt83):ABSOLUTE (__DefaultInterrupt)
                  0x0000bc          0x4 LONG 0x10932 DEFINED (__Interrupt84)?ABSOLUTE (__Interrupt84):ABSOLUTE (__DefaultInterrupt)
                  0x0000be          0x4 LONG 0x10932 DEFINED (__Interrupt85)?ABSOLUTE (__Interrupt85):ABSOLUTE (__DefaultInterrupt)
                  0x0000c0          0x4 LONG 0x10932 DEFINED (__Interrupt86)?ABSOLUTE (__Interrupt86):ABSOLUTE (__DefaultInterrupt)
                  0x0000c2          0x4 LONG 0x10932 DEFINED (__Interrupt87)?ABSOLUTE (__Interrupt87):ABSOLUTE (__DefaultInterrupt)
                  0x0000c4          0x4 LONG 0x10932 DEFINED (__Interrupt88)?ABSOLUTE (__Interrupt88):ABSOLUTE (__DefaultInterrupt)
                  0x0000c6          0x4 LONG 0x10932 DEFINED (__Interrupt89)?ABSOLUTE (__Interrupt89):ABSOLUTE (__DefaultInterrupt)
                  0x0000c8          0x4 LONG 0x10932 DEFINED (__Interrupt90)?ABSOLUTE (__Interrupt90):ABSOLUTE (__DefaultInterrupt)
                  0x0000ca          0x4 LONG 0x10932 DEFINED (__Interrupt91)?ABSOLUTE (__Interrupt91):ABSOLUTE (__DefaultInterrupt)
                  0x0000cc          0x4 LONG 0x10932 DEFINED (__Interrupt92)?ABSOLUTE (__Interrupt92):ABSOLUTE (__DefaultInterrupt)
                  0x0000ce          0x4 LONG 0x10932 DEFINED (__Interrupt93)?ABSOLUTE (__Interrupt93):ABSOLUTE (__DefaultInterrupt)
                  0x0000d0          0x4 LONG 0x10932 DEFINED (__Interrupt94)?ABSOLUTE (__Interrupt94):ABSOLUTE (__DefaultInterrupt)
                  0x0000d2          0x4 LONG 0x10932 DEFINED (__Interrupt95)?ABSOLUTE (__Interrupt95):ABSOLUTE (__DefaultInterrupt)
                  0x0000d4          0x4 LONG 0x10932 DEFINED (__Interrupt96)?ABSOLUTE (__Interrupt96):ABSOLUTE (__DefaultInterrupt)
                  0x0000d6          0x4 LONG 0x10932 DEFINED (__Interrupt97)?ABSOLUTE (__Interrupt97):ABSOLUTE (__DefaultInterrupt)
                  0x0000d8          0x4 LONG 0x10932 DEFINED (__Interrupt98)?ABSOLUTE (__Interrupt98):ABSOLUTE (__DefaultInterrupt)
                  0x0000da          0x4 LONG 0x10932 DEFINED (__Interrupt99)?ABSOLUTE (__Interrupt99):ABSOLUTE (__DefaultInterrupt)
                  0x0000dc          0x4 LONG 0x10932 DEFINED (__Interrupt100)?ABSOLUTE (__Interrupt100):ABSOLUTE (__DefaultInterrupt)
                  0x0000de          0x4 LONG 0x10932 DEFINED (__Interrupt101)?ABSOLUTE (__Interrupt101):ABSOLUTE (__DefaultInterrupt)
                  0x0000e0          0x4 LONG 0x10932 DEFINED (__Interrupt102)?ABSOLUTE (__Interrupt102):ABSOLUTE (__DefaultInterrupt)
                  0x0000e2          0x4 LONG 0x10932 DEFINED (__Interrupt103)?ABSOLUTE (__Interrupt103):ABSOLUTE (__DefaultInterrupt)
                  0x0000e4          0x4 LONG 0x10932 DEFINED (__Interrupt104)?ABSOLUTE (__Interrupt104):ABSOLUTE (__DefaultInterrupt)
                  0x0000e6          0x4 LONG 0x10932 DEFINED (__Interrupt105)?ABSOLUTE (__Interrupt105):ABSOLUTE (__DefaultInterrupt)
                  0x0000e8          0x4 LONG 0x10932 DEFINED (__Interrupt106)?ABSOLUTE (__Interrupt106):ABSOLUTE (__DefaultInterrupt)
                  0x0000ea          0x4 LONG 0x10932 DEFINED (__Interrupt107)?ABSOLUTE (__Interrupt107):ABSOLUTE (__DefaultInterrupt)
                  0x0000ec          0x4 LONG 0x10932 DEFINED (__Interrupt108)?ABSOLUTE (__Interrupt108):ABSOLUTE (__DefaultInterrupt)
                  0x0000ee          0x4 LONG 0x10932 DEFINED (__Interrupt109)?ABSOLUTE (__Interrupt109):ABSOLUTE (__DefaultInterrupt)
                  0x0000f0          0x4 LONG 0x10932 DEFINED (__Interrupt110)?ABSOLUTE (__Interrupt110):ABSOLUTE (__DefaultInterrupt)
                  0x0000f2          0x4 LONG 0x10932 DEFINED (__Interrupt111)?ABSOLUTE (__Interrupt111):ABSOLUTE (__DefaultInterrupt)
                  0x0000f4          0x4 LONG 0x10932 DEFINED (__Interrupt112)?ABSOLUTE (__Interrupt112):ABSOLUTE (__DefaultInterrupt)
                  0x0000f6          0x4 LONG 0x10932 DEFINED (__Interrupt113)?ABSOLUTE (__Interrupt113):ABSOLUTE (__DefaultInterrupt)
                  0x0000f8          0x4 LONG 0x10932 DEFINED (__Interrupt114)?ABSOLUTE (__Interrupt114):ABSOLUTE (__DefaultInterrupt)
                  0x0000fa          0x4 LONG 0x10932 DEFINED (__Interrupt115)?ABSOLUTE (__Interrupt115):ABSOLUTE (__DefaultInterrupt)
                  0x0000fc          0x4 LONG 0x10932 DEFINED (__Interrupt116)?ABSOLUTE (__Interrupt116):ABSOLUTE (__DefaultInterrupt)
                  0x0000fe          0x4 LONG 0x10932 DEFINED (__Interrupt117)?ABSOLUTE (__Interrupt117):ABSOLUTE (__DefaultInterrupt)

.aivt             0x000104         0xfc
                  0x000104          0x4 LONG 0x10932 DEFINED (__AltReservedTrap0)?ABSOLUTE (__AltReservedTrap0):DEFINED (__ReservedTrap0)?ABSOLUTE (__ReservedTrap0):ABSOLUTE (__DefaultInterrupt)
                  0x000106          0x4 LONG 0x10932 DEFINED (__AltOscillatorFail)?ABSOLUTE (__AltOscillatorFail):DEFINED (__OscillatorFail)?ABSOLUTE (__OscillatorFail):ABSOLUTE (__DefaultInterrupt)
                  0x000108          0x4 LONG 0x10932 DEFINED (__AltAddressError)?ABSOLUTE (__AltAddressError):DEFINED (__AddressError)?ABSOLUTE (__AddressError):ABSOLUTE (__DefaultInterrupt)
                  0x00010a          0x4 LONG 0x10932 DEFINED (__AltStackError)?ABSOLUTE (__AltStackError):DEFINED (__StackError)?ABSOLUTE (__StackError):ABSOLUTE (__DefaultInterrupt)
                  0x00010c          0x4 LONG 0x10932 DEFINED (__AltMathError)?ABSOLUTE (__AltMathError):DEFINED (__MathError)?ABSOLUTE (__MathError):ABSOLUTE (__DefaultInterrupt)
                  0x00010e          0x4 LONG 0x10932 DEFINED (__AltDMACError)?ABSOLUTE (__AltDMACError):DEFINED (__DMACError)?ABSOLUTE (__DMACError):ABSOLUTE (__DefaultInterrupt)
                  0x000110          0x4 LONG 0x10932 DEFINED (__AltReservedTrap6)?ABSOLUTE (__AltReservedTrap6):DEFINED (__ReservedTrap6)?ABSOLUTE (__ReservedTrap6):ABSOLUTE (__DefaultInterrupt)
                  0x000112          0x4 LONG 0x10932 DEFINED (__AltReservedTrap7)?ABSOLUTE (__AltReservedTrap7):DEFINED (__ReservedTrap7)?ABSOLUTE (__ReservedTrap7):ABSOLUTE (__DefaultInterrupt)
                  0x000114          0x4 LONG 0x10932 DEFINED (__AltINT0Interrupt)?ABSOLUTE (__AltINT0Interrupt):DEFINED (__INT0Interrupt)?ABSOLUTE (__INT0Interrupt):ABSOLUTE (__DefaultInterrupt)
                  0x000116          0x4 LONG 0x10932 DEFINED (__AltIC1Interrupt)?ABSOLUTE (__AltIC1Interrupt):DEFINED (__IC1Interrupt)?ABSOLUTE (__IC1Interrupt):ABSOLUTE (__DefaultInterrupt)
                  0x000118          0x4 LONG 0x10932 DEFINED (__AltOC1Interrupt)?ABSOLUTE (__AltOC1Interrupt):DEFINED (__OC1Interrupt)?ABSOLUTE (__OC1Interrupt):ABSOLUTE (__DefaultInterrupt)
                  0x00011a          0x4 LONG 0x10b3c DEFINED (__AltT1Interrupt)?ABSOLUTE (__AltT1Interrupt):DEFINED (__T1Interrupt)?ABSOLUTE (__T1Interrupt):ABSOLUTE (__DefaultInterrupt)
                  0x00011c          0x4 LONG 0x10882 DEFINED (__AltDMA0Interrupt)?ABSOLUTE (__AltDMA0Interrupt):DEFINED (__DMA0Interrupt)?ABSOLUTE (__DMA0Interrupt):ABSOLUTE (__DefaultInterrupt)
                  0x00011e          0x4 LONG 0x10932 DEFINED (__AltIC2Interrupt)?ABSOLUTE (__AltIC2Interrupt):DEFINED (__IC2Interrupt)?ABSOLUTE (__IC2Interrupt):ABSOLUTE (__DefaultInterrupt)
                  0x000120          0x4 LONG 0x10932 DEFINED (__AltOC2Interrupt)?ABSOLUTE (__AltOC2Interrupt):DEFINED (__OC2Interrupt)?ABSOLUTE (__OC2Interrupt):ABSOLUTE (__DefaultInterrupt)
                  0x000122          0x4 LONG 0x10932 DEFINED (__AltT2Interrupt)?ABSOLUTE (__AltT2Interrupt):DEFINED (__T2Interrupt)?ABSOLUTE (__T2Interrupt):ABSOLUTE (__DefaultInterrupt)
                  0x000124          0x4 LONG 0x10932 DEFINED (__AltT3Interrupt)?ABSOLUTE (__AltT3Interrupt):DEFINED (__T3Interrupt)?ABSOLUTE (__T3Interrupt):ABSOLUTE (__DefaultInterrupt)
                  0x000126          0x4 LONG 0x10932 DEFINED (__AltSPI1ErrInterrupt)?ABSOLUTE (__AltSPI1ErrInterrupt):DEFINED (__SPI1ErrInterrupt)?ABSOLUTE (__SPI1ErrInterrupt):ABSOLUTE (__DefaultInterrupt)
                  0x000128          0x4 LONG 0x10932 DEFINED (__AltSPI1Interrupt)?ABSOLUTE (__AltSPI1Interrupt):DEFINED (__SPI1Interrupt)?ABSOLUTE (__SPI1Interrupt):ABSOLUTE (__DefaultInterrupt)
                  0x00012a          0x4 LONG 0x1028a DEFINED (__AltU1RXInterrupt)?ABSOLUTE (__AltU1RXInterrupt):DEFINED (__U1RXInterrupt)?ABSOLUTE (__U1RXInterrupt):ABSOLUTE (__DefaultInterrupt)
                  0x00012c          0x4 LONG 0x10322 DEFINED (__AltU1TXInterrupt)?ABSOLUTE (__AltU1TXInterrupt):DEFINED (__U1TXInterrupt)?ABSOLUTE (__U1TXInterrupt):ABSOLUTE (__DefaultInterrupt)
                  0x00012e          0x4 LONG 0x10932 DEFINED (__AltADC1Interrupt)?ABSOLUTE (__AltADC1Interrupt):DEFINED (__ADC1Interrupt)?ABSOLUTE (__ADC1Interrupt):ABSOLUTE (__DefaultInterrupt)
                  0x000130          0x4 LONG 0x10896 DEFINED (__AltDMA1Interrupt)?ABSOLUTE (__AltDMA1Interrupt):DEFINED (__DMA1Interrupt)?ABSOLUTE (__DMA1Interrupt):ABSOLUTE (__DefaultInterrupt)
                  0x000132          0x4 LONG 0x10932 DEFINED (__AltInterrupt15)?ABSOLUTE (__AltInterrupt15):DEFINED (__Interrupt15)?ABSOLUTE (__Interrupt15):ABSOLUTE (__DefaultInterrupt)
                  0x000134          0x4 LONG 0x10932 DEFINED (__AltSI2C1Interrupt)?ABSOLUTE (__AltSI2C1Interrupt):DEFINED (__SI2C1Interrupt)?ABSOLUTE (__SI2C1Interrupt):ABSOLUTE (__DefaultInterrupt)
                  0x000136          0x4 LONG 0x10932 DEFINED (__AltMI2C1Interrupt)?ABSOLUTE (__AltMI2C1Interrupt):DEFINED (__MI2C1Interrupt)?ABSOLUTE (__MI2C1Interrupt):ABSOLUTE (__DefaultInterrupt)
                  0x000138          0x4 LONG 0x10932 DEFINED (__AltCMPInterrupt)?ABSOLUTE (__AltCMPInterrupt):DEFINED (__CMPInterrupt)?ABSOLUTE (__CMPInterrupt):ABSOLUTE (__DefaultInterrupt)
                  0x00013a          0x4 LONG 0x10932 DEFINED (__AltCNInterrupt)?ABSOLUTE (__AltCNInterrupt):DEFINED (__CNInterrupt)?ABSOLUTE (__CNInterrupt):ABSOLUTE (__DefaultInterrupt)
                  0x00013c          0x4 LONG 0x10932 DEFINED (__AltINT1Interrupt)?ABSOLUTE (__AltINT1Interrupt):DEFINED (__INT1Interrupt)?ABSOLUTE (__INT1Interrupt):ABSOLUTE (__DefaultInterrupt)
                  0x00013e          0x4 LONG 0x10932 DEFINED (__AltInterrupt21)?ABSOLUTE (__AltInterrupt21):DEFINED (__Interrupt21)?ABSOLUTE (__Interrupt21):ABSOLUTE (__DefaultInterrupt)
                  0x000140          0x4 LONG 0x10932 DEFINED (__AltIC7Interrupt)?ABSOLUTE (__AltIC7Interrupt):DEFINED (__IC7Interrupt)?ABSOLUTE (__IC7Interrupt):ABSOLUTE (__DefaultInterrupt)
                  0x000142          0x4 LONG 0x10932 DEFINED (__AltIC8Interrupt)?ABSOLUTE (__AltIC8Interrupt):DEFINED (__IC8Interrupt)?ABSOLUTE (__IC8Interrupt):ABSOLUTE (__DefaultInterrupt)
                  0x000144          0x4 LONG 0x10932 DEFINED (__AltDMA2Interrupt)?ABSOLUTE (__AltDMA2Interrupt):DEFINED (__DMA2Interrupt)?ABSOLUTE (__DMA2Interrupt):ABSOLUTE (__DefaultInterrupt)
                  0x000146          0x4 LONG 0x10932 DEFINED (__AltOC3Interrupt)?ABSOLUTE (__AltOC3Interrupt):DEFINED (__OC3Interrupt)?ABSOLUTE (__OC3Interrupt):ABSOLUTE (__DefaultInterrupt)
                  0x000148          0x4 LONG 0x10932 DEFINED (__AltOC4Interrupt)?ABSOLUTE (__AltOC4Interrupt):DEFINED (__OC4Interrupt)?ABSOLUTE (__OC4Interrupt):ABSOLUTE (__DefaultInterrupt)
                  0x00014a          0x4 LONG 0x10932 DEFINED (__AltT4Interrupt)?ABSOLUTE (__AltT4Interrupt):DEFINED (__T4Interrupt)?ABSOLUTE (__T4Interrupt):ABSOLUTE (__DefaultInterrupt)
                  0x00014c          0x4 LONG 0x10932 DEFINED (__AltT5Interrupt)?ABSOLUTE (__AltT5Interrupt):DEFINED (__T5Interrupt)?ABSOLUTE (__T5Interrupt):ABSOLUTE (__DefaultInterrupt)
                  0x00014e          0x4 LONG 0x10932 DEFINED (__AltINT2Interrupt)?ABSOLUTE (__AltINT2Interrupt):DEFINED (__INT2Interrupt)?ABSOLUTE (__INT2Interrupt):ABSOLUTE (__DefaultInterrupt)
                  0x000150          0x4 LONG 0x10384 DEFINED (__AltU2RXInterrupt)?ABSOLUTE (__AltU2RXInterrupt):DEFINED (__U2RXInterrupt)?ABSOLUTE (__U2RXInterrupt):ABSOLUTE (__DefaultInterrupt)
                  0x000152          0x4 LONG 0x1041c DEFINED (__AltU2TXInterrupt)?ABSOLUTE (__AltU2TXInterrupt):DEFINED (__U2TXInterrupt)?ABSOLUTE (__U2TXInterrupt):ABSOLUTE (__DefaultInterrupt)
                  0x000154          0x4 LONG 0x10932 DEFINED (__AltSPI2ErrInterrupt)?ABSOLUTE (__AltSPI2ErrInterrupt):DEFINED (__SPI2ErrInterrupt)?ABSOLUTE (__SPI2ErrInterrupt):ABSOLUTE (__DefaultInterrupt)
                  0x000156          0x4 LONG 0x10932 DEFINED (__AltSPI2Interrupt)?ABSOLUTE (__AltSPI2Interrupt):DEFINED (__SPI2Interrupt)?ABSOLUTE (__SPI2Interrupt):ABSOLUTE (__DefaultInterrupt)
                  0x000158          0x4 LONG 0x107d0 DEFINED (__AltC1RxRdyInterrupt)?ABSOLUTE (__AltC1RxRdyInterrupt):DEFINED (__C1RxRdyInterrupt)?ABSOLUTE (__C1RxRdyInterrupt):ABSOLUTE (__DefaultInterrupt)
                  0x00015a          0x4 LONG 0x10800 DEFINED (__AltC1Interrupt)?ABSOLUTE (__AltC1Interrupt):DEFINED (__C1Interrupt)?ABSOLUTE (__C1Interrupt):ABSOLUTE (__DefaultInterrupt)
                  0x00015c          0x4 LONG 0x10932 DEFINED (__AltDMA3Interrupt)?ABSOLUTE (__AltDMA3Interrupt):DEFINED (__DMA3Interrupt)?ABSOLUTE (__DMA3Interrupt):ABSOLUTE (__DefaultInterrupt)
                  0x00015e          0x4 LONG 0x10932 DEFINED (__AltInterrupt37)?ABSOLUTE (__AltInterrupt37):DEFINED (__Interrupt37)?ABSOLUTE (__Interrupt37):ABSOLUTE (__DefaultInterrupt)
                  0x000160          0x4 LONG 0x10932 DEFINED (__AltInterrupt38)?ABSOLUTE (__AltInterrupt38):DEFINED (__Interrupt38)?ABSOLUTE (__Interrupt38):ABSOLUTE (__DefaultInterrupt)
                  0x000162          0x4 LONG 0x10932 DEFINED (__AltInterrupt39)?ABSOLUTE (__AltInterrupt39):DEFINED (__Interrupt39)?ABSOLUTE (__Interrupt39):ABSOLUTE (__DefaultInterrupt)
                  0x000164          0x4 LONG 0x10932 DEFINED (__AltInterrupt40)?ABSOLUTE (__AltInterrupt40):DEFINED (__Interrupt40)?ABSOLUTE (__Interrupt40):ABSOLUTE (__DefaultInterrupt)
                  0x000166          0x4 LONG 0x10932 DEFINED (__AltInterrupt41)?ABSOLUTE (__AltInterrupt41):DEFINED (__Interrupt41)?ABSOLUTE (__Interrupt41):ABSOLUTE (__DefaultInterrupt)
                  0x000168          0x4 LONG 0x10932 DEFINED (__AltInterrupt42)?ABSOLUTE (__AltInterrupt42):DEFINED (__Interrupt42)?ABSOLUTE (__Interrupt42):ABSOLUTE (__DefaultInterrupt)
                  0x00016a          0x4 LONG 0x10932 DEFINED (__AltInterrupt43)?ABSOLUTE (__AltInterrupt43):DEFINED (__Interrupt43)?ABSOLUTE (__Interrupt43):ABSOLUTE (__DefaultInterrupt)
                  0x00016c          0x4 LONG 0x10932 DEFINED (__AltInterrupt44)?ABSOLUTE (__AltInterrupt44):DEFINED (__Interrupt44)?ABSOLUTE (__Interrupt44):ABSOLUTE (__DefaultInterrupt)
                  0x00016e          0x4 LONG 0x10932 DEFINED (__AltPMPInterrupt)?ABSOLUTE (__AltPMPInterrupt):DEFINED (__PMPInterrupt)?ABSOLUTE (__PMPInterrupt):ABSOLUTE (__DefaultInterrupt)
                  0x000170          0x4 LONG 0x10932 DEFINED (__AltDMA4Interrupt)?ABSOLUTE (__AltDMA4Interrupt):DEFINED (__DMA4Interrupt)?ABSOLUTE (__DMA4Interrupt):ABSOLUTE (__DefaultInterrupt)
                  0x000172          0x4 LONG 0x10932 DEFINED (__AltInterrupt47)?ABSOLUTE (__AltInterrupt47):DEFINED (__Interrupt47)?ABSOLUTE (__Interrupt47):ABSOLUTE (__DefaultInterrupt)
                  0x000174          0x4 LONG 0x10932 DEFINED (__AltInterrupt48)?ABSOLUTE (__AltInterrupt48):DEFINED (__Interrupt48)?ABSOLUTE (__Interrupt48):ABSOLUTE (__DefaultInterrupt)
                  0x000176          0x4 LONG 0x10932 DEFINED (__AltInterrupt49)?ABSOLUTE (__AltInterrupt49):DEFINED (__Interrupt49)?ABSOLUTE (__Interrupt49):ABSOLUTE (__DefaultInterrupt)
                  0x000178          0x4 LONG 0x10932 DEFINED (__AltInterrupt50)?ABSOLUTE (__AltInterrupt50):DEFINED (__Interrupt50)?ABSOLUTE (__Interrupt50):ABSOLUTE (__DefaultInterrupt)
                  0x00017a          0x4 LONG 0x10932 DEFINED (__AltInterrupt51)?ABSOLUTE (__AltInterrupt51):DEFINED (__Interrupt51)?ABSOLUTE (__Interrupt51):ABSOLUTE (__DefaultInterrupt)
                  0x00017c          0x4 LONG 0x10932 DEFINED (__AltInterrupt52)?ABSOLUTE (__AltInterrupt52):DEFINED (__Interrupt52)?ABSOLUTE (__Interrupt52):ABSOLUTE (__DefaultInterrupt)
                  0x00017e          0x4 LONG 0x10932 DEFINED (__AltInterrupt53)?ABSOLUTE (__AltInterrupt53):DEFINED (__Interrupt53)?ABSOLUTE (__Interrupt53):ABSOLUTE (__DefaultInterrupt)
                  0x000180          0x4 LONG 0x10932 DEFINED (__AltInterrupt54)?ABSOLUTE (__AltInterrupt54):DEFINED (__Interrupt54)?ABSOLUTE (__Interrupt54):ABSOLUTE (__DefaultInterrupt)
                  0x000182          0x4 LONG 0x10932 DEFINED (__AltInterrupt55)?ABSOLUTE (__AltInterrupt55):DEFINED (__Interrupt55)?ABSOLUTE (__Interrupt55):ABSOLUTE (__DefaultInterrupt)
                  0x000184          0x4 LONG 0x10932 DEFINED (__AltInterrupt56)?ABSOLUTE (__AltInterrupt56):DEFINED (__Interrupt56)?ABSOLUTE (__Interrupt56):ABSOLUTE (__DefaultInterrupt)
                  0x000186          0x4 LONG 0x10932 DEFINED (__AltMPWM1Interrupt)?ABSOLUTE (__AltMPWM1Interrupt):DEFINED (__MPWM1Interrupt)?ABSOLUTE (__MPWM1Interrupt):ABSOLUTE (__DefaultInterrupt)
                  0x000188          0x4 LONG 0x10932 DEFINED (__AltQEI1Interrupt)?ABSOLUTE (__AltQEI1Interrupt):DEFINED (__QEI1Interrupt)?ABSOLUTE (__QEI1Interrupt):ABSOLUTE (__DefaultInterrupt)
                  0x00018a          0x4 LONG 0x10932 DEFINED (__AltInterrupt59)?ABSOLUTE (__AltInterrupt59):DEFINED (__Interrupt59)?ABSOLUTE (__Interrupt59):ABSOLUTE (__DefaultInterrupt)
                  0x00018c          0x4 LONG 0x10932 DEFINED (__AltInterrupt60)?ABSOLUTE (__AltInterrupt60):DEFINED (__Interrupt60)?ABSOLUTE (__Interrupt60):ABSOLUTE (__DefaultInterrupt)
                  0x00018e          0x4 LONG 0x10932 DEFINED (__AltDMA5Interrupt)?ABSOLUTE (__AltDMA5Interrupt):DEFINED (__DMA5Interrupt)?ABSOLUTE (__DMA5Interrupt):ABSOLUTE (__DefaultInterrupt)
                  0x000190          0x4 LONG 0x10932 DEFINED (__AltRTCCInterrupt)?ABSOLUTE (__AltRTCCInterrupt):DEFINED (__RTCCInterrupt)?ABSOLUTE (__RTCCInterrupt):ABSOLUTE (__DefaultInterrupt)
                  0x000192          0x4 LONG 0x10932 DEFINED (__AltFLTA1Interrupt)?ABSOLUTE (__AltFLTA1Interrupt):DEFINED (__FLTA1Interrupt)?ABSOLUTE (__FLTA1Interrupt):ABSOLUTE (__DefaultInterrupt)
                  0x000194          0x4 LONG 0x10932 DEFINED (__AltInterrupt64)?ABSOLUTE (__AltInterrupt64):DEFINED (__Interrupt64)?ABSOLUTE (__Interrupt64):ABSOLUTE (__DefaultInterrupt)
                  0x000196          0x4 LONG 0x10932 DEFINED (__AltU1ErrInterrupt)?ABSOLUTE (__AltU1ErrInterrupt):DEFINED (__U1ErrInterrupt)?ABSOLUTE (__U1ErrInterrupt):ABSOLUTE (__DefaultInterrupt)
                  0x000198          0x4 LONG 0x10932 DEFINED (__AltU2ErrInterrupt)?ABSOLUTE (__AltU2ErrInterrupt):DEFINED (__U2ErrInterrupt)?ABSOLUTE (__U2ErrInterrupt):ABSOLUTE (__DefaultInterrupt)
                  0x00019a          0x4 LONG 0x10932 DEFINED (__AltCRCInterrupt)?ABSOLUTE (__AltCRCInterrupt):DEFINED (__CRCInterrupt)?ABSOLUTE (__CRCInterrupt):ABSOLUTE (__DefaultInterrupt)
                  0x00019c          0x4 LONG 0x10932 DEFINED (__AltDMA6Interrupt)?ABSOLUTE (__AltDMA6Interrupt):DEFINED (__DMA6Interrupt)?ABSOLUTE (__DMA6Interrupt):ABSOLUTE (__DefaultInterrupt)
                  0x00019e          0x4 LONG 0x10932 DEFINED (__AltDMA7Interrupt)?ABSOLUTE (__AltDMA7Interrupt):DEFINED (__DMA7Interrupt)?ABSOLUTE (__DMA7Interrupt):ABSOLUTE (__DefaultInterrupt)
                  0x0001a0          0x4 LONG 0x107e8 DEFINED (__AltC1TxReqInterrupt)?ABSOLUTE (__AltC1TxReqInterrupt):DEFINED (__C1TxReqInterrupt)?ABSOLUTE (__C1TxReqInterrupt):ABSOLUTE (__DefaultInterrupt)
                  0x0001a2          0x4 LONG 0x10932 DEFINED (__AltInterrupt71)?ABSOLUTE (__AltInterrupt71):DEFINED (__Interrupt71)?ABSOLUTE (__Interrupt71):ABSOLUTE (__DefaultInterrupt)
                  0x0001a4          0x4 LONG 0x10932 DEFINED (__AltInterrupt72)?ABSOLUTE (__AltInterrupt72):DEFINED (__Interrupt72)?ABSOLUTE (__Interrupt72):ABSOLUTE (__DefaultInterrupt)
                  0x0001a6          0x4 LONG 0x10932 DEFINED (__AltMPWM2Interrupt)?ABSOLUTE (__AltMPWM2Interrupt):DEFINED (__MPWM2Interrupt)?ABSOLUTE (__MPWM2Interrupt):ABSOLUTE (__DefaultInterrupt)
                  0x0001a8          0x4 LONG 0x10932 DEFINED (__AltFLTA2Interrupt)?ABSOLUTE (__AltFLTA2Interrupt):DEFINED (__FLTA2Interrupt)?ABSOLUTE (__FLTA2Interrupt):ABSOLUTE (__DefaultInterrupt)
                  0x0001aa          0x4 LONG 0x10932 DEFINED (__AltQEI2Interrupt)?ABSOLUTE (__AltQEI2Interrupt):DEFINED (__QEI2Interrupt)?ABSOLUTE (__QEI2Interrupt):ABSOLUTE (__DefaultInterrupt)
                  0x0001ac          0x4 LONG 0x10932 DEFINED (__AltInterrupt76)?ABSOLUTE (__AltInterrupt76):DEFINED (__Interrupt76)?ABSOLUTE (__Interrupt76):ABSOLUTE (__DefaultInterrupt)
                  0x0001ae          0x4 LONG 0x10932 DEFINED (__AltInterrupt77)?ABSOLUTE (__AltInterrupt77):DEFINED (__Interrupt77)?ABSOLUTE (__Interrupt77):ABSOLUTE (__DefaultInterrupt)
                  0x0001b0          0x4 LONG 0x10932 DEFINED (__AltDAC1RInterrupt)?ABSOLUTE (__AltDAC1RInterrupt):DEFINED (__DAC1RInterrupt)?ABSOLUTE (__DAC1RInterrupt):ABSOLUTE (__DefaultInterrupt)
                  0x0001b2          0x4 LONG 0x10932 DEFINED (__AltDAC1LInterrupt)?ABSOLUTE (__AltDAC1LInterrupt):DEFINED (__DAC1LInterrupt)?ABSOLUTE (__DAC1LInterrupt):ABSOLUTE (__DefaultInterrupt)
                  0x0001b4          0x4 LONG 0x10932 DEFINED (__AltInterrupt80)?ABSOLUTE (__AltInterrupt80):DEFINED (__Interrupt80)?ABSOLUTE (__Interrupt80):ABSOLUTE (__DefaultInterrupt)
                  0x0001b6          0x4 LONG 0x10932 DEFINED (__AltInterrupt81)?ABSOLUTE (__AltInterrupt81):DEFINED (__Interrupt81)?ABSOLUTE (__Interrupt81):ABSOLUTE (__DefaultInterrupt)
                  0x0001b8          0x4 LONG 0x10932 DEFINED (__AltInterrupt82)?ABSOLUTE (__AltInterrupt82):DEFINED (__Interrupt82)?ABSOLUTE (__Interrupt82):ABSOLUTE (__DefaultInterrupt)
                  0x0001ba          0x4 LONG 0x10932 DEFINED (__AltInterrupt83)?ABSOLUTE (__AltInterrupt83):DEFINED (__Interrupt83)?ABSOLUTE (__Interrupt83):ABSOLUTE (__DefaultInterrupt)
                  0x0001bc          0x4 LONG 0x10932 DEFINED (__AltInterrupt84)?ABSOLUTE (__AltInterrupt84):DEFINED (__Interrupt84)?ABSOLUTE (__Interrupt84):ABSOLUTE (__DefaultInterrupt)
                  0x0001be          0x4 LONG 0x10932 DEFINED (__AltInterrupt85)?ABSOLUTE (__AltInterrupt85):DEFINED (__Interrupt85)?ABSOLUTE (__Interrupt85):ABSOLUTE (__DefaultInterrupt)
                  0x0001c0          0x4 LONG 0x10932 DEFINED (__AltInterrupt86)?ABSOLUTE (__AltInterrupt86):DEFINED (__Interrupt86)?ABSOLUTE (__Interrupt86):ABSOLUTE (__DefaultInterrupt)
                  0x0001c2          0x4 LONG 0x10932 DEFINED (__AltInterrupt87)?ABSOLUTE (__AltInterrupt87):DEFINED (__Interrupt87)?ABSOLUTE (__Interrupt87):ABSOLUTE (__DefaultInterrupt)
                  0x0001c4          0x4 LONG 0x10932 DEFINED (__AltInterrupt88)?ABSOLUTE (__AltInterrupt88):DEFINED (__Interrupt88)?ABSOLUTE (__Interrupt88):ABSOLUTE (__DefaultInterrupt)
                  0x0001c6          0x4 LONG 0x10932 DEFINED (__AltInterrupt89)?ABSOLUTE (__AltInterrupt89):DEFINED (__Interrupt89)?ABSOLUTE (__Interrupt89):ABSOLUTE (__DefaultInterrupt)
                  0x0001c8          0x4 LONG 0x10932 DEFINED (__AltInterrupt90)?ABSOLUTE (__AltInterrupt90):DEFINED (__Interrupt90)?ABSOLUTE (__Interrupt90):ABSOLUTE (__DefaultInterrupt)
                  0x0001ca          0x4 LONG 0x10932 DEFINED (__AltInterrupt91)?ABSOLUTE (__AltInterrupt91):DEFINED (__Interrupt91)?ABSOLUTE (__Interrupt91):ABSOLUTE (__DefaultInterrupt)
                  0x0001cc          0x4 LONG 0x10932 DEFINED (__AltInterrupt92)?ABSOLUTE (__AltInterrupt92):DEFINED (__Interrupt92)?ABSOLUTE (__Interrupt92):ABSOLUTE (__DefaultInterrupt)
                  0x0001ce          0x4 LONG 0x10932 DEFINED (__AltInterrupt93)?ABSOLUTE (__AltInterrupt93):DEFINED (__Interrupt93)?ABSOLUTE (__Interrupt93):ABSOLUTE (__DefaultInterrupt)
                  0x0001d0          0x4 LONG 0x10932 DEFINED (__AltInterrupt94)?ABSOLUTE (__AltInterrupt94):DEFINED (__Interrupt94)?ABSOLUTE (__Interrupt94):ABSOLUTE (__DefaultInterrupt)
                  0x0001d2          0x4 LONG 0x10932 DEFINED (__AltInterrupt95)?ABSOLUTE (__AltInterrupt95):DEFINED (__Interrupt95)?ABSOLUTE (__Interrupt95):ABSOLUTE (__DefaultInterrupt)
                  0x0001d4          0x4 LONG 0x10932 DEFINED (__AltInterrupt96)?ABSOLUTE (__AltInterrupt96):DEFINED (__Interrupt96)?ABSOLUTE (__Interrupt96):ABSOLUTE (__DefaultInterrupt)
                  0x0001d6          0x4 LONG 0x10932 DEFINED (__AltInterrupt97)?ABSOLUTE (__AltInterrupt97):DEFINED (__Interrupt97)?ABSOLUTE (__Interrupt97):ABSOLUTE (__DefaultInterrupt)
                  0x0001d8          0x4 LONG 0x10932 DEFINED (__AltInterrupt98)?ABSOLUTE (__AltInterrupt98):DEFINED (__Interrupt98)?ABSOLUTE (__Interrupt98):ABSOLUTE (__DefaultInterrupt)
                  0x0001da          0x4 LONG 0x10932 DEFINED (__AltInterrupt99)?ABSOLUTE (__AltInterrupt99):DEFINED (__Interrupt99)?ABSOLUTE (__Interrupt99):ABSOLUTE (__DefaultInterrupt)
                  0x0001dc          0x4 LONG 0x10932 DEFINED (__AltInterrupt100)?ABSOLUTE (__AltInterrupt100):DEFINED (__Interrupt100)?ABSOLUTE (__Interrupt100):ABSOLUTE (__DefaultInterrupt)
                  0x0001de          0x4 LONG 0x10932 DEFINED (__AltInterrupt101)?ABSOLUTE (__AltInterrupt101):DEFINED (__Interrupt101)?ABSOLUTE (__Interrupt101):ABSOLUTE (__DefaultInterrupt)
                  0x0001e0          0x4 LONG 0x10932 DEFINED (__AltInterrupt102)?ABSOLUTE (__AltInterrupt102):DEFINED (__Interrupt102)?ABSOLUTE (__Interrupt102):ABSOLUTE (__DefaultInterrupt)
                  0x0001e2          0x4 LONG 0x10932 DEFINED (__AltInterrupt103)?ABSOLUTE (__AltInterrupt103):DEFINED (__Interrupt103)?ABSOLUTE (__Interrupt103):ABSOLUTE (__DefaultInterrupt)
                  0x0001e4          0x4 LONG 0x10932 DEFINED (__AltInterrupt104)?ABSOLUTE (__AltInterrupt104):DEFINED (__Interrupt104)?ABSOLUTE (__Interrupt104):ABSOLUTE (__DefaultInterrupt)
                  0x0001e6          0x4 LONG 0x10932 DEFINED (__AltInterrupt105)?ABSOLUTE (__AltInterrupt105):DEFINED (__Interrupt105)?ABSOLUTE (__Interrupt105):ABSOLUTE (__DefaultInterrupt)
                  0x0001e8          0x4 LONG 0x10932 DEFINED (__AltInterrupt106)?ABSOLUTE (__AltInterrupt106):DEFINED (__Interrupt106)?ABSOLUTE (__Interrupt106):ABSOLUTE (__DefaultInterrupt)
                  0x0001ea          0x4 LONG 0x10932 DEFINED (__AltInterrupt107)?ABSOLUTE (__AltInterrupt107):DEFINED (__Interrupt107)?ABSOLUTE (__Interrupt107):ABSOLUTE (__DefaultInterrupt)
                  0x0001ec          0x4 LONG 0x10932 DEFINED (__AltInterrupt108)?ABSOLUTE (__AltInterrupt108):DEFINED (__Interrupt108)?ABSOLUTE (__Interrupt108):ABSOLUTE (__DefaultInterrupt)
                  0x0001ee          0x4 LONG 0x10932 DEFINED (__AltInterrupt109)?ABSOLUTE (__AltInterrupt109):DEFINED (__Interrupt109)?ABSOLUTE (__Interrupt109):ABSOLUTE (__DefaultInterrupt)
                  0x0001f0          0x4 LONG 0x10932 DEFINED (__AltInterrupt110)?ABSOLUTE (__AltInterrupt110):DEFINED (__Interrupt110)?ABSOLUTE (__Interrupt110):ABSOLUTE (__DefaultInterrupt)
                  0x0001f2          0x4 LONG 0x10932 DEFINED (__AltInterrupt111)?ABSOLUTE (__AltInterrupt111):DEFINED (__Interrupt111)?ABSOLUTE (__Interrupt111):ABSOLUTE (__DefaultInterrupt)
                  0x0001f4          0x4 LONG 0x10932 DEFINED (__AltInterrupt112)?ABSOLUTE (__AltInterrupt112):DEFINED (__Interrupt112)?ABSOLUTE (__Interrupt112):ABSOLUTE (__DefaultInterrupt)
                  0x0001f6          0x4 LONG 0x10932 DEFINED (__AltInterrupt113)?ABSOLUTE (__AltInterrupt113):DEFINED (__Interrupt113)?ABSOLUTE (__Interrupt113):ABSOLUTE (__DefaultInterrupt)
                  0x0001f8          0x4 LONG 0x10932 DEFINED (__AltInterrupt114)?ABSOLUTE (__AltInterrupt114):DEFINED (__Interrupt114)?ABSOLUTE (__Interrupt114):ABSOLUTE (__DefaultInterrupt)
                  0x0001fa          0x4 LONG 0x10932 DEFINED (__AltInterrupt115)?ABSOLUTE (__AltInterrupt115):DEFINED (__Interrupt115)?ABSOLUTE (__Interrupt115):ABSOLUTE (__DefaultInterrupt)
                  0x0001fc          0x4 LONG 0x10932 DEFINED (__AltInterrupt116)?ABSOLUTE (__AltInterrupt116):DEFINED (__Interrupt116)?ABSOLUTE (__Interrupt116):ABSOLUTE (__DefaultInterrupt)
                  0x0001fe          0x4 LONG 0x10932 DEFINED (__AltInterrupt117)?ABSOLUTE (__AltInterrupt117):DEFINED (__Interrupt117)?ABSOLUTE (__Interrupt117):ABSOLUTE (__DefaultInterrupt)
                    0x0000                  WREG0 = 0x0
                    0x0000                  _WREG0 = 0x0
                    0x0002                  WREG1 = 0x2
                    0x0002                  _WREG1 = 0x2
                    0x0004                  WREG2 = 0x4
                    0x0004                  _WREG2 = 0x4
                    0x0006                  WREG3 = 0x6
                    0x0006                  _WREG3 = 0x6
                    0x0008                  WREG4 = 0x8
                    0x0008                  _WREG4 = 0x8
                    0x000a                  WREG5 = 0xa
                    0x000a                  _WREG5 = 0xa
                    0x000c                  WREG6 = 0xc
                    0x000c                  _WREG6 = 0xc
                    0x000e                  WREG7 = 0xe
                    0x000e                  _WREG7 = 0xe
                    0x0010                  WREG8 = 0x10
                    0x0010                  _WREG8 = 0x10
                    0x0012                  WREG9 = 0x12
                    0x0012                  _WREG9 = 0x12
                    0x0014                  WREG10 = 0x14
                    0x0014                  _WREG10 = 0x14
                    0x0016                  WREG11 = 0x16
                    0x0016                  _WREG11 = 0x16
                    0x0018                  WREG12 = 0x18
                    0x0018                  _WREG12 = 0x18
                    0x001a                  WREG13 = 0x1a
                    0x001a                  _WREG13 = 0x1a
                    0x001c                  WREG14 = 0x1c
                    0x001c                  _WREG14 = 0x1c
                    0x001e                  WREG15 = 0x1e
                    0x001e                  _WREG15 = 0x1e
                    0x0020                  SPLIM = 0x20
                    0x0020                  _SPLIM = 0x20
                    0x0022                  ACCAL = 0x22
                    0x0022                  _ACCAL = 0x22
                    0x0024                  ACCAH = 0x24
                    0x0024                  _ACCAH = 0x24
                    0x0026                  ACCAU = 0x26
                    0x0026                  _ACCAU = 0x26
                    0x0028                  ACCBL = 0x28
                    0x0028                  _ACCBL = 0x28
                    0x002a                  ACCBH = 0x2a
                    0x002a                  _ACCBH = 0x2a
                    0x002c                  ACCBU = 0x2c
                    0x002c                  _ACCBU = 0x2c
                    0x002e                  PCL = 0x2e
                    0x002e                  _PCL = 0x2e
                    0x0030                  PCH = 0x30
                    0x0030                  _PCH = 0x30
                    0x0032                  TBLPAG = 0x32
                    0x0032                  _TBLPAG = 0x32
                    0x0034                  PSVPAG = 0x34
                    0x0034                  _PSVPAG = 0x34
                    0x0036                  RCOUNT = 0x36
                    0x0036                  _RCOUNT = 0x36
                    0x0038                  DCOUNT = 0x38
                    0x0038                  _DCOUNT = 0x38
                    0x003a                  DOSTARTL = 0x3a
                    0x003a                  _DOSTARTL = 0x3a
                    0x003c                  DOSTARTH = 0x3c
                    0x003c                  _DOSTARTH = 0x3c
                    0x003e                  DOENDL = 0x3e
                    0x003e                  _DOENDL = 0x3e
                    0x0040                  DOENDH = 0x40
                    0x0040                  _DOENDH = 0x40
                    0x0042                  SR = 0x42
                    0x0042                  _SR = 0x42
                    0x0042                  _SRbits = 0x42
                    0x0044                  CORCON = 0x44
                    0x0044                  _CORCON = 0x44
                    0x0044                  _CORCONbits = 0x44
                    0x0046                  MODCON = 0x46
                    0x0046                  _MODCON = 0x46
                    0x0046                  _MODCONbits = 0x46
                    0x0048                  XMODSRT = 0x48
                    0x0048                  _XMODSRT = 0x48
                    0x004a                  XMODEND = 0x4a
                    0x004a                  _XMODEND = 0x4a
                    0x004c                  YMODSRT = 0x4c
                    0x004c                  _YMODSRT = 0x4c
                    0x004e                  YMODEND = 0x4e
                    0x004e                  _YMODEND = 0x4e
                    0x0050                  XBREV = 0x50
                    0x0050                  _XBREV = 0x50
                    0x0050                  _XBREVbits = 0x50
                    0x0052                  DISICNT = 0x52
                    0x0052                  _DISICNT = 0x52
                    0x0060                  CNEN1 = 0x60
                    0x0060                  _CNEN1 = 0x60
                    0x0060                  _CNEN1bits = 0x60
                    0x0062                  CNEN2 = 0x62
                    0x0062                  _CNEN2 = 0x62
                    0x0062                  _CNEN2bits = 0x62
                    0x0068                  CNPU1 = 0x68
                    0x0068                  _CNPU1 = 0x68
                    0x0068                  _CNPU1bits = 0x68
                    0x006a                  CNPU2 = 0x6a
                    0x006a                  _CNPU2 = 0x6a
                    0x006a                  _CNPU2bits = 0x6a
                    0x0080                  INTCON1 = 0x80
                    0x0080                  _INTCON1 = 0x80
                    0x0080                  _INTCON1bits = 0x80
                    0x0082                  INTCON2 = 0x82
                    0x0082                  _INTCON2 = 0x82
                    0x0082                  _INTCON2bits = 0x82
                    0x0084                  IFS0 = 0x84
                    0x0084                  _IFS0 = 0x84
                    0x0084                  _IFS0bits = 0x84
                    0x0086                  IFS1 = 0x86
                    0x0086                  _IFS1 = 0x86
                    0x0086                  _IFS1bits = 0x86
                    0x0088                  IFS2 = 0x88
                    0x0088                  _IFS2 = 0x88
                    0x0088                  _IFS2bits = 0x88
                    0x008a                  IFS3 = 0x8a
                    0x008a                  _IFS3 = 0x8a
                    0x008a                  _IFS3bits = 0x8a
                    0x008c                  IFS4 = 0x8c
                    0x008c                  _IFS4 = 0x8c
                    0x008c                  _IFS4bits = 0x8c
                    0x0094                  IEC0 = 0x94
                    0x0094                  _IEC0 = 0x94
                    0x0094                  _IEC0bits = 0x94
                    0x0096                  IEC1 = 0x96
                    0x0096                  _IEC1 = 0x96
                    0x0096                  _IEC1bits = 0x96
                    0x0098                  IEC2 = 0x98